################################################################################
#                                                                              #
#      IAR Universal Linker V6.3.2.73                                          #
#                                                                              #
#           Link time     =  16/Nov/2015  03:47:23                             #
#           Target CPU    =  MSP430                                            #
#           List file     =  "C:\Users\Rachel\Documents\ECE306\Projects\Projec #
#                            t7\Debug\List\Project 02.map"                     #
#           Output file 1 =  "C:\Users\Rachel\Documents\ECE306\Projects\Projec #
#                            t7\Debug\Exe\Project 02.d43"                      #
#                            Format: ubrof10                                   #
#                            UBROF version 10.0.6                              #
#                            Using library modules for C-SPY (-rt)             #
#           Command line  =  C:\Users\Rachel\Documents\ECE306\Projects\Project #
#                            7\Debug\Obj\clocks.r43                            #
#                            C:\Users\Rachel\Documents\ECE306\Projects\Project #
#                            7\Debug\Obj\convert.r43                           #
#                            C:\Users\Rachel\Documents\ECE306\Projects\Project #
#                            7\Debug\Obj\display.r43                           #
#                            C:\Users\Rachel\Documents\ECE306\Projects\Project #
#                            7\Debug\Obj\init.r43                              #
#                            C:\Users\Rachel\Documents\ECE306\Projects\Project #
#                            7\Debug\Obj\interrupts.r43                        #
#                            C:\Users\Rachel\Documents\ECE306\Projects\Project #
#                            7\Debug\Obj\IOT.r43                               #
#                            C:\Users\Rachel\Documents\ECE306\Projects\Project #
#                            7\LCD.r43                                         #
#                            C:\Users\Rachel\Documents\ECE306\Projects\Project #
#                            7\Debug\Obj\main.r43                              #
#                            C:\Users\Rachel\Documents\ECE306\Projects\Project #
#                            7\Debug\Obj\motor_control.r43                     #
#                            C:\Users\Rachel\Documents\ECE306\Projects\Project #
#                            7\Debug\Obj\ports.r43                             #
#                            C:\Users\Rachel\Documents\ECE306\Projects\Project #
#                            7\Debug\Obj\switch.r43                            #
#                            C:\Users\Rachel\Documents\ECE306\Projects\Project #
#                            7\Debug\Obj\system.r43                            #
#                            C:\Users\Rachel\Documents\ECE306\Projects\Project #
#                            7\timersB2.r43                                    #
#                            -o                                                #
#                            "C:\Users\Rachel\Documents\ECE306\Projects\Projec #
#                            t7\Debug\Exe\Project 02.d43"                      #
#                            -l                                                #
#                            "C:\Users\Rachel\Documents\ECE306\Projects\Projec #
#                            t7\Debug\List\Project 02.map"                     #
#                            -xesni                                            #
#                            "-IC:\Program Files (x86)\IAR Systems\Embedded Wo #
#                            rkbench 7.2_2\430\LIB\"                           #
#                            -f                                                #
#                            "C:\Program Files (x86)\IAR Systems\Embedded Work #
#                            bench 7.2_2\430\config\linker\lnk430fr5739.xcl"   #
#                            (-cmsp430 -QCODE_I=CODE_ID -QTLS16_I=TLS16_ID     #
#                            -D__iar_HWMUL=4C0 -Z(CONST)INFO=1800-18FF         #
#                            -Z(CONST)INFOA=1880-18FF                          #
#                            -Z(CONST)INFOB=1800-187F                          #
#                            -Z(DATA)DATA16_I,DATA16_Z,DATA16_N,TLS16_I=1C00-1 #
#                            FFF                                               #
#                            -Z(DATA)CODE_I                                    #
#                            -Z(DATA)DATA20_I,DATA20_Z,DATA20_N                #
#                            -Z(DATA)CSTACK+_STACK_SIZE#                       #
#                            -Z(CONST)DATA16_P,DATA20_P=C200-FF7F              #
#                            -Z(DATA)DATA16_HEAP+_DATA16_HEAP_SIZE,DATA20_HEAP #
#                            +_DATA20_HEAP_SIZE                                #
#                            -Z(CONST)MPU_B1                                   #
#                            -Z(CONST)DATA16_C,DATA16_ID,TLS16_ID,DIFUNCT,CHEC #
#                            KSUM=C200-FF7F                                    #
#                            -Z(CONST)DATA20_C,DATA20_ID -Z(CONST)MPU_B2       #
#                            -Z(CODE)CSTART,ISR_CODE,CODE_ID=C200-FF7F         #
#                            -P(CODE)CODE,CODE16=C200-FF7F -Z(CODE)CODE_PAD    #
#                            -Z(CONST)SIGNATURE=FF80-FF8F                      #
#                            -Z(CODE)INTVEC=FF90-FFFF                          #
#                            -Z(CODE)RESET=FFFE-FFFF) -f                       #
#                            "C:\Program Files (x86)\IAR Systems\Embedded Work #
#                            bench 7.2_2\430\config\linker\multiplier32.xcl"   #
#                            (-e?Mul8Hw=?Mul8 -e?Mul16Hw=?Mul16                #
#                            -e?Mul16to32uHw=?Mul16to32u                       #
#                            -e?Mul16to32sHw=?Mul16to32s -e?Mul32Hw32=?Mul32   #
#                            -e?Mul64Hw32=_Mul64i                              #
#                            -e?Mul32u32uto64iHw32=_Mul32u32uto64i             #
#                            -e?Mul32fHw=_Mul32f -e_Mul64fHwPtr=_Mul64fPtr)    #
#                            -D_STACK_SIZE=A0 -rt                              #
#                            "C:\Program Files (x86)\IAR Systems\Embedded Work #
#                            bench 7.2_2\430\lib\dlib\dl430xlsfn.r43"          #
#                            -e_PrintfLarge=_Printf -e_ScanfLarge=_Scanf       #
#                            -D_DATA16_HEAP_SIZE=A0 -s __program_start         #
#                            -D_DATA20_HEAP_SIZE=50                            #
#                                                                              #
#                           Copyright (C) 1987-2015 IAR Systems AB.            #
################################################################################





                ****************************************
                *                                      *
                *           CROSS REFERENCE            *
                *                                      *
                ****************************************

       Program entry at :           C504  Relocatable, from module : ?cstart




                ****************************************
                *                                      *
                *            RUNTIME MODEL             *
                *                                      *
                ****************************************

  __Heap_Handler             = Basic
  __SystemLibrary            = DLib
  __code_model               = large
  __core                     = 430X
  __data_model               = small
  __dlib_file_descriptor     = 0
  __dlib_full_locale_support = 0
  __double_size              = 32
  __pic                      = no
  __reg_r4                   = free
  __reg_r5                   = free
  __rt_version               = 3

                ****************************************
                *                                      *
                *    AUTOMATIC SYMBOL REDIRECTIONS     *
                *                                      *
                ****************************************

                  There are no automatic symbol redirections.

                ****************************************
                *                                      *
                *              ENTRY LIST              *
                *                                      *
                ****************************************

Module  Entry                              Address
------  -----                              -------
?FILLER_BYTES
?ABS_ENTRY_MOD
        _DATA20_HEAP_SIZE                   0050
        _DATA16_HEAP_SIZE                   00A0
        _STACK_SIZE                         00A0
        __iar_HWMUL                         04C0
clocks ( C:\Users\Rachel\Documents\ECE306\Projects\Project7\Debug\Obj\clocks.r43 )
        _A_CSCTL0_L                         0160
        _A_CSCTL1_L                         0162
        _A_CSCTL2_L                         0164
        _A_CSCTL3_L                         0166
        _A_CSCTL4_L                         0168
        _A_WDTCTL_L                         015C
        Five_Msec_Delay                     DBCA
        X_Seconds_Delay                     DAB6
        Init_Clocks                         D71E
        ?setjmp_save_r4                     NOT NEEDED
        ?setjmp_save_r5                     NOT NEEDED
        CSCTL0                              0160
        CSCTL0_H                            0161
        CSCTL0_L                            0160
        CSCTL1                              0162
        CSCTL1_H                            0163
        CSCTL1_L                            0162
        CSCTL2                              0164
        CSCTL2_H                            0165
        CSCTL2_L                            0164
        CSCTL3                              0166
        CSCTL3_H                            0167
        CSCTL3_L                            0166
        CSCTL4                              0168
        CSCTL4_H                            0169
        CSCTL4_L                            0168
        WDTCTL                              015C
        WDTCTL_H                            015D
        WDTCTL_L                            015C
convert ( C:\Users\Rachel\Documents\ECE306\Projects\Project7\Debug\Obj\convert.r43 )
        _A_PBIN_L                           0220
        _A_UCA1RXBUF_L                      05EC
        _A_UCA1TXBUF_L                      05EE
        ADC_Convert                         NOT NEEDED
        Convert_H2I                         NOT NEEDED
        ?setjmp_save_r4                     NOT NEEDED
        ?setjmp_save_r5                     NOT NEEDED
        PBIN                                0220
        PBIN_H                              0221
        PBIN_L                              0220
        UCA1RXBUF                           05EC
        UCA1RXBUF_H                         05ED
        UCA1RXBUF_L                         05EC
        UCA1TXBUF                           05EE
        UCA1TXBUF_H                         05EF
        UCA1TXBUF_L                         05EE
display ( C:\Users\Rachel\Documents\ECE306\Projects\Project7\Debug\Obj\display.r43 )
        Display_Process                     D990
        Out_To_LCD                          DA4C
        ?setjmp_save_r4                     NOT NEEDED
        ?setjmp_save_r5                     NOT NEEDED
init ( C:\Users\Rachel\Documents\ECE306\Projects\Project7\Debug\Obj\init.r43 )
        _A_ADC10CTL0_L                      0700
        _A_ADC10CTL1_L                      0702
        _A_PAOUT_L                          0202
        _A_PADIR_L                          0204
        _A_PASEL0_L                         020A
        _A_PASEL1_L                         020C
        TA0CTL                              0340
        TA0CCTL0                            0342
        TA0CCR0                             0352
        TA0EX0                              0360
        _A_UCA0CTLW0_L                      05C0
        _A_UCA0BRW_L                        05C6
        _A_UCA0MCTLW_L                      05C8
        _A_UCA0IE_L                         05DA
        _A_UCA1CTLW0_L                      05E0
        _A_UCA1BRW_L                        05E6
        _A_UCA1MCTLW_L                      05E8
        _A_UCA1IE_L                         05FA
        Init_Conditions                     DB62
        Init_Timers                         DCD0
        Init_Timer_A0                       DA84
        ADC_Process                         DC62
        Init_Serial_UCA0                    D0D8
        Init_Serial_UCA1                    D030
        ?setjmp_save_r4                     NOT NEEDED
        ?setjmp_save_r5                     NOT NEEDED
        ADC10CTL0                           0700
        ADC10CTL0_H                         0701
        ADC10CTL0_L                         0700
        ADC10CTL1                           0702
        ADC10CTL1_H                         0703
        ADC10CTL1_L                         0702
        PAOUT                               0202
        PAOUT_H                             0203
        PAOUT_L                             0202
        PADIR                               0204
        PADIR_H                             0205
        PADIR_L                             0204
        PASEL0                              020A
        PASEL0_H                            020B
        PASEL0_L                            020A
        PASEL1                              020C
        PASEL1_H                            020D
        PASEL1_L                            020C
        UCA0CTLW0                           05C0
        UCA0CTLW0_H                         05C1
        UCA0CTLW0_L                         05C0
        UCA0BRW                             05C6
        UCA0BRW_H                           05C7
        UCA0BRW_L                           05C6
        UCA0MCTLW                           05C8
        UCA0MCTLW_H                         05C9
        UCA0MCTLW_L                         05C8
        UCA0IE                              05DA
        UCA0IE_H                            05DB
        UCA0IE_L                            05DA
        UCA1CTLW0                           05E0
        UCA1CTLW0_H                         05E1
        UCA1CTLW0_L                         05E0
        UCA1BRW                             05E6
        UCA1BRW_H                           05E7
        UCA1BRW_L                           05E6
        UCA1MCTLW                           05E8
        UCA1MCTLW_H                         05E9
        UCA1MCTLW_L                         05E8
        UCA1IE                              05FA
        UCA1IE_H                            05FB
        UCA1IE_L                            05FA
interrupts ( C:\Users\Rachel\Documents\ECE306\Projects\Project7\Debug\Obj\interrupts.r43 )
        _A_ADC10CTL0_L                      NOT NEEDED
        _A_ADC10MCTL0_L                     070A
        _A_ADC10MEM0_L                      0712
        _A_ADC10IV_L                        071E
        TA0CCR0                             NOT NEEDED
        _A_UCA0RXBUF_L                      05CC
        UCA0IV                              05DE
        _A_UCA1RXBUF_L                      NOT NEEDED
        UCA1IV                              05FE
        Timer0_A0_ISR                       C51C
        ADC10_ISR                           C544
        USCI_A0_ISR                         C5A2
        USCI_A1_ISR                         C5D8
        USCI_A1_ISR::??INTVEC 86            FFE6
        Timer0_A0_ISR::??INTVEC 90          FFEA
        ADC10_ISR::??INTVEC 92              FFEC
        USCI_A0_ISR::??INTVEC 96            FFF0
        ?setjmp_save_r4                     NOT NEEDED
        ?setjmp_save_r5                     NOT NEEDED
        ADC10CTL0                           0700
        ADC10CTL0_H                         0701
        ADC10CTL0_L                         0700
        ADC10MCTL0                          070A
        ADC10MCTL0_H                        070B
        ADC10MCTL0_L                        070A
        ADC10MEM0                           0712
        ADC10MEM0_H                         0713
        ADC10MEM0_L                         0712
        ADC10IV                             071E
        ADC10IV_H                           071F
        ADC10IV_L                           071E
        UCA0RXBUF                           05CC
        UCA0RXBUF_H                         05CD
        UCA0RXBUF_L                         05CC
        UCA1RXBUF                           05EC
        UCA1RXBUF_H                         05ED
        UCA1RXBUF_L                         05EC
IOT ( C:\Users\Rachel\Documents\ECE306\Projects\Project7\Debug\Obj\IOT.r43 )
        _A_PJOUT_L                          0322
        _A_UCA0TXBUF_L                      05CE
        _A_UCA1TXBUF_L                      NOT NEEDED
        _A_UCA1IE_L                         NOT NEEDED
        IOT_config                          C662
        Listen                              CADA
        Set_SSID                            D420
        Get_SSID                            D6A0
        Set_HostN                           D520
        Get_HostN                           D5A0
        Set_NetP                            D620
        Get_NetP                            D4A0
        Set_NetM                            D320
        Get_NetM                            D3A0
        Save_All                            D220
        Reset_All                           D2A0
        Roam                                NOT NEEDED
        Check_Status                        D932
        Ping                                D8D4
        ?setjmp_save_r4                     NOT NEEDED
        ?setjmp_save_r5                     NOT NEEDED
        PJOUT                               0322
        PJOUT_H                             0323
        PJOUT_L                             0322
        UCA0TXBUF                           05CE
        UCA0TXBUF_H                         05CF
        UCA0TXBUF_L                         05CE
        UCA1TXBUF                           05EE
        UCA1TXBUF_H                         05EF
        UCA1TXBUF_L                         05EE
        UCA1IE                              05FA
        UCA1IE_H                            05FB
        UCA1IE_L                            05FA
LCD ( C:\Users\Rachel\Documents\ECE306\Projects\Project7\LCD.r43 )
        _A_PAOUT_L                          NOT NEEDED
        _A_PBOUT_L                          0222
        _A_PJOUT_L                          NOT NEEDED
        _A_UCB0CTLW0_L                      0640
        _A_UCB0BRW_L                        0646
        _A_UCB0TXBUF_L                      064E
        _A_UCB0IFG_L                        066C
        SPI_Char                            NOT NEEDED
        lcd_control                         NOT NEEDED
        display_line_1                      1C2E
        display_line_2                      1C39
        display_line_3                      1C44
        display_line_4                      1C4F
        display_1                           1C00
        display_2                           1C02
        display_3                           1C04
        display_4                           1C06
        char_count                          NOT NEEDED
        current_line                        NOT NEEDED
        update_display_count                NOT NEEDED
        display_update_time                 NOT NEEDED
        spi_rs_data                         NOT NEEDED
        spi_rs_command                      NOT NEEDED
        spi_chipselect_idle                 DC0C
        spi_chipselect_active               DC70
        spi_reset_idle                      DCDE
        spi_reset_active                    DCE4
        Init_LCD                            D180
        lcd_4line                           DCC8
        lcd_BIG_mid                         DBB2
        lcd_out                             DB3E
        lcd_puts                            NOT NEEDED
        WriteIns                            DB12
        WriteData                           DAE6
        CheckBusy                           NOT NEEDED
        ClrDisplay                          DC7C
        SetPostion                          DC30
        DisplayOnOff                        DC52
        Init_SPI_B0                         D9D4
        SPI_B0_write                        DBF8
        ?setjmp_save_r4                     NOT NEEDED
        ?setjmp_save_r5                     NOT NEEDED
        PAOUT                               0202
        PAOUT_H                             0203
        PAOUT_L                             0202
        PBOUT                               0222
        PBOUT_H                             0223
        PBOUT_L                             0222
        PJOUT                               0322
        PJOUT_H                             0323
        PJOUT_L                             0322
        UCB0CTLW0                           0640
        UCB0CTLW0_H                         0641
        UCB0CTLW0_L                         0640
        UCB0BRW                             0646
        UCB0BRW_H                           0647
        UCB0BRW_L                           0646
        UCB0TXBUF                           064E
        UCB0TXBUF_H                         064F
        UCB0TXBUF_L                         064E
        UCB0IFG                             066C
        UCB0IFG_H                           066D
        UCB0IFG_L                           066C
main ( C:\Users\Rachel\Documents\ECE306\Projects\Project7\Debug\Obj\main.r43 )
        control_state                       NOT NEEDED
        Time_Sequence                       1C08
        led_smclk                           NOT NEEDED
        one_time                            1C5A
        posL1                               1C5B
        posL2                               1C5C
        posL3                               1C5D
        posL4                               1C5E
        size_count                          NOT NEEDED
        big                                 NOT NEEDED
        switch_select                       1C5F
        cycle_count                         1C60
        thumb_num                           NOT NEEDED
        temp_num                            1C0A
        calib_amtR                          NOT NEEDED
        calib_amtL                          NOT NEEDED
        milli_counter                       1C0C
        milli_counter2                      1C0E
        chng_channel                        1C10
        ADC_Right_Detector                  1C12
        ADC_Left_Detector                   1C14
        ADC_Thumb                           1C16
        min_time                            1C61
        timer_counter                       1C62
        temp                                1C18
        packet                              NOT NEEDED
        enabled_RD                          NOT NEEDED
        enabled_LD                          NOT NEEDED
        enabled_thumb                       1C63
        cpu_rx_ring_wr                      1C1A
        cpu_rx_ring_rd                      1C1C
        cpu_tx_ring_wr                      1C1E
        cpu_tx_ring_rd                      1C20
        CPU_Char_Rx                         1C64
        CPU_Char_Tx                         1C8C
        baud_rate                           NOT NEEDED
        diff                                1C22
        enabled_RX                          1CB4
        temp1                               1CB5
        ones                                NOT NEEDED
        tens                                1CB6
        hundreds                            1CB7
        tens_num                            1CB8
        hundreds_num                        1CB9
        usb_rx_ring_wr                      1C24
        usb_rx_ring_rd                      1C26
        usb_tx_ring_wr                      1C28
        usb_tx_ring_rd                      1C2A
        USB_Char_Rx                         1CBA
        USB_Char_Tx                         1CE2
        IOT_Char_Rx                         1D0A
        main                                CD24
        ?setjmp_save_r4                     NOT NEEDED
        ?setjmp_save_r5                     NOT NEEDED
motor_control ( C:\Users\Rachel\Documents\ECE306\Projects\Project7\Debug\Obj\motor_control.r43 )
        _A_PBOUT_L                          NOT NEEDED
        Left_Forward_On                     DCB8
        Left_Forward_Off                    DCA0
        Left_Reverse_On                     DC88
        Left_Reverse_Off                    DCB0
        Right_Forward_On                    DCC0
        Right_Forward_Off                   DCA8
        Right_Reverse_On                    DC98
        Right_Reverse_Off                   DC90
        ?setjmp_save_r4                     NOT NEEDED
        ?setjmp_save_r5                     NOT NEEDED
        PBOUT                               0222
        PBOUT_H                             0223
        PBOUT_L                             0222
ports ( C:\Users\Rachel\Documents\ECE306\Projects\Project7\Debug\Obj\ports.r43 )
        _A_ADC10CTL0_L                      NOT NEEDED
        _A_ADC10CTL1_L                      NOT NEEDED
        _A_ADC10CTL2_L                      0704
        _A_ADC10MCTL0_L                     NOT NEEDED
        _A_ADC10IE_L                        071A
        _A_PAOUT_L                          NOT NEEDED
        _A_PADIR_L                          NOT NEEDED
        _A_PAREN_L                          0206
        _A_PASEL0_L                         NOT NEEDED
        _A_PASEL1_L                         NOT NEEDED
        _A_PBOUT_L                          NOT NEEDED
        _A_PBDIR_L                          0224
        _A_PBREN_L                          0226
        _A_PBSEL0_L                         022A
        _A_PBSEL1_L                         022C
        _A_PJOUT_L                          NOT NEEDED
        _A_PJDIR_L                          0324
        _A_PJSEL0_L                         032A
        _A_PJSEL1_L                         032C
        Init_Ports                          DB9A
        Init_Port1                          CF7C
        Init_Port2                          CDFC
        Init_Port3                          CEBE
        Init_Port4                          DA12
        Init_PortJ                          D790
        Init_ADC                            D7FE
        ?setjmp_save_r4                     NOT NEEDED
        ?setjmp_save_r5                     NOT NEEDED
        ADC10CTL0                           0700
        ADC10CTL0_H                         0701
        ADC10CTL0_L                         0700
        ADC10CTL1                           0702
        ADC10CTL1_H                         0703
        ADC10CTL1_L                         0702
        ADC10CTL2                           0704
        ADC10CTL2_H                         0705
        ADC10CTL2_L                         0704
        ADC10MCTL0                          070A
        ADC10MCTL0_H                        070B
        ADC10MCTL0_L                        070A
        ADC10IE                             071A
        ADC10IE_H                           071B
        ADC10IE_L                           071A
        PAOUT                               0202
        PAOUT_H                             0203
        PAOUT_L                             0202
        PADIR                               0204
        PADIR_H                             0205
        PADIR_L                             0204
        PAREN                               0206
        PAREN_H                             0207
        PAREN_L                             0206
        PASEL0                              020A
        PASEL0_H                            020B
        PASEL0_L                            020A
        PASEL1                              020C
        PASEL1_H                            020D
        PASEL1_L                            020C
        PBOUT                               0222
        PBOUT_H                             0223
        PBOUT_L                             0222
        PBDIR                               0224
        PBDIR_H                             0225
        PBDIR_L                             0224
        PBREN                               0226
        PBREN_H                             0227
        PBREN_L                             0226
        PBSEL0                              022A
        PBSEL0_H                            022B
        PBSEL0_L                            022A
        PBSEL1                              022C
        PBSEL1_H                            022D
        PBSEL1_L                            022C
        PJOUT                               0322
        PJOUT_H                             0323
        PJOUT_L                             0322
        PJDIR                               0324
        PJDIR_H                             0325
        PJDIR_L                             0324
        PJSEL0                              032A
        PJSEL0_H                            032B
        PJSEL0_L                            032A
        PJSEL1                              032C
        PJSEL1_H                            032D
        PJSEL1_L                            032C
switch ( C:\Users\Rachel\Documents\ECE306\Projects\Project7\Debug\Obj\switch.r43 )
        _A_PBIN_L                           NOT NEEDED
        Switches_Process                    D86A
        ?setjmp_save_r4                     NOT NEEDED
        ?setjmp_save_r5                     NOT NEEDED
        PBIN                                0220
        PBIN_H                              0221
        PBIN_L                              0220
system ( C:\Users\Rachel\Documents\ECE306\Projects\Project7\Debug\Obj\system.r43 )
        enable_interrupts                   DCD8
        ?setjmp_save_r4                     NOT NEEDED
        ?setjmp_save_r5                     NOT NEEDED
timersB2 ( C:\Users\Rachel\Documents\ECE306\Projects\Project7\timersB2.r43 )
        TB2CTL                              0440
        TB2CCTL0                            0442
        TB2CCR0                             0452
        TB2CCR1                             0454
        TB2CCR2                             0456
        TB2IV                               046E
        TB2EX0                              0460
        five_msec_count                     1C2C
        sleeping                            NOT NEEDED
        sleeptime                           NOT NEEDED
        Init_Timer_B2                       DB80
        measure_delay                       NOT NEEDED
        five_msec_sleep                     NOT NEEDED
        led_blink                           NOT NEEDED
        gps_resetting                       NOT NEEDED
        gps_2b_reset                        NOT NEEDED
        reset_gps_time                      NOT NEEDED
        transmit_delay                      NOT NEEDED
        transmit_time                       NOT NEEDED
        Timer2_B0_ISR                       C61C
        TIMER2_B1_ISR                       C638
        TIMER2_B1_ISR::??INTVEC 68          FFD4
        Timer2_B0_ISR::??INTVEC 70          FFD6
        ?setjmp_save_r4                     NOT NEEDED
        ?setjmp_save_r5                     NOT NEEDED
?abort ( C:\Program Files (x86)\IAR Systems\Embedded Workbench 7.2_2\430\lib\dlib\dl430xlsfn.r43 )
        abort                               NOT NEEDED
?__dbg_break ( C:\Program Files (x86)\IAR Systems\Embedded Workbench 7.2_2\430\lib\dlib\dl430xlsfn.r43 )
        __DebugBreak                        DCF2
?__dwrite ( C:\Program Files (x86)\IAR Systems\Embedded Workbench 7.2_2\430\lib\dlib\dl430xlsfn.r43 )
        __dwrite                            NOT NEEDED
?__exit ( C:\Program Files (x86)\IAR Systems\Embedded Workbench 7.2_2\430\lib\dlib\dl430xlsfn.r43 )
        __exit                              DBE2
?__write ( C:\Program Files (x86)\IAR Systems\Embedded Workbench 7.2_2\430\lib\dlib\dl430xlsfn.r43 )
        __write                             NOT NEEDED
?_exit ( C:\Program Files (x86)\IAR Systems\Embedded Workbench 7.2_2\430\lib\dlib\dl430xlsfn.r43 )
        _exit                               DCEE
        __cstart_call_dtors                 NOT NEEDED
        __cstart_closeall                   NOT NEEDED
        __cstart_clearlocks                 NOT NEEDED
?cppinit ( C:\Program Files (x86)\IAR Systems\Embedded Workbench 7.2_2\430\lib\dlib\dl430xlsfn.r43 )
        __call_ctors                        NOT NEEDED
        __alloc_record_needed_destruction   NOT NEEDED
        __record_needed_destruction         NOT NEEDED
        __call_dtors                        NOT NEEDED
        __data16_vec_cctor                  NOT NEEDED
?cstart ( C:\Program Files (x86)\IAR Systems\Embedded Workbench 7.2_2\430\lib\dlib\dl430xlsfn.r43 )
        __program_start                     C504
        ?cstart_begin                       C504
        ?cstart_call_mpu_init               NOT NEEDED
        ?cstart_call_low_level_init         NOT NEEDED
        ?cstart_init_copy_ramfunc           NOT NEEDED
        ?cstart_init_zero                   C508
        ?cstart_init_copy                   NOT NEEDED
        ?cstart_init_zero20                 NOT NEEDED
        ?cstart_init_copy20                 NOT NEEDED
        __cstart_init_tls                   NOT NEEDED
        ?cstart_call_ctors                  NOT NEEDED
        ?cstart_call_main                   C514
        ?cstart_end                         C51C
lowinit ( C:\Program Files (x86)\IAR Systems\Embedded Workbench 7.2_2\430\lib\dlib\dl430xlsfn.r43 )
        __low_level_init                    NOT NEEDED
?reset_vector ( C:\Program Files (x86)\IAR Systems\Embedded Workbench 7.2_2\430\lib\dlib\dl430xlsfn.r43 )
        ?reset_vector                       FFFE
?exit ( C:\Program Files (x86)\IAR Systems\Embedded Workbench 7.2_2\430\lib\dlib\dl430xlsfn.r43 )
        exit                                DCEA
?malloc ( C:\Program Files (x86)\IAR Systems\Embedded Workbench 7.2_2\430\lib\dlib\dl430xlsfn.r43 )
        malloc                              NOT NEEDED
?memcpy ( C:\Program Files (x86)\IAR Systems\Embedded Workbench 7.2_2\430\lib\dlib\dl430xlsfn.r43 )
        memcpy                              NOT NEEDED
?memmove ( C:\Program Files (x86)\IAR Systems\Embedded Workbench 7.2_2\430\lib\dlib\dl430xlsfn.r43 )
        memmove                             NOT NEEDED
?CopyMemoryBytes ( C:\Program Files (x86)\IAR Systems\Embedded Workbench 7.2_2\430\lib\dlib\dl430xlsfn.r43 )
        ?CopyMemoryBytes                    DC42
?memzero ( C:\Program Files (x86)\IAR Systems\Embedded Workbench 7.2_2\430\lib\dlib\dl430xlsfn.r43 )
        __data16_memzero                    DC1E
        __data16_memcpy                     NOT NEEDED
        __data16_memmove                    NOT NEEDED
?MpuInit ( C:\Program Files (x86)\IAR Systems\Embedded Workbench 7.2_2\430\lib\dlib\dl430xlsfn.r43 )
        __iar_430_mpu_init                  NOT NEEDED
        ?mpu1_4k_init                       NOT NEEDED
        ?mpu1_8k_init                       NOT NEEDED
        ?mpu1_16k_init                      NOT NEEDED
        ?mpu2_init                          NOT NEEDED
?setjmp ( C:\Program Files (x86)\IAR Systems\Embedded Workbench 7.2_2\430\lib\dlib\dl430xlsfn.r43 )
        setjmp                              NOT NEEDED
        ?setjmp_r5                          NOT NEEDED
        ?setjmp_r4                          NOT NEEDED
        ?setjmp_end                         NOT NEEDED
?longjmp ( C:\Program Files (x86)\IAR Systems\Embedded Workbench 7.2_2\430\lib\dlib\dl430xlsfn.r43 )
        longjmp                             NOT NEEDED
        ?longjmp_r5                         NOT NEEDED
        ?longjmp_r4                         NOT NEEDED
        ?longjmp_end                        NOT NEEDED
?IndCallR11 ( C:\Program Files (x86)\IAR Systems\Embedded Workbench 7.2_2\430\lib\dlib\dl430xlsfn.r43 )
        ?IndCallR11                         NOT NEEDED
?IndCallR15 ( C:\Program Files (x86)\IAR Systems\Embedded Workbench 7.2_2\430\lib\dlib\dl430xlsfn.r43 )
        ?IndCallR15                         NOT NEEDED
?xcloseall ( C:\Program Files (x86)\IAR Systems\Embedded Workbench 7.2_2\430\lib\dlib\dl430xlsfn.r43 )
        _Close_all                          NOT NEEDED
?xgetmemchunk ( C:\Program Files (x86)\IAR Systems\Embedded Workbench 7.2_2\430\lib\dlib\dl430xlsfn.r43 )
        __data16_GetMemChunk                NOT NEEDED
?xxmemxfree ( C:\Program Files (x86)\IAR Systems\Embedded Workbench 7.2_2\430\lib\dlib\dl430xlsfn.r43 )
        __data16_free                       NOT NEEDED
?xxmemxmalloc ( C:\Program Files (x86)\IAR Systems\Embedded Workbench 7.2_2\430\lib\dlib\dl430xlsfn.r43 )
        __data16_Aldata                     NOT NEEDED
        __data16_malloc                     NOT NEEDED
        __data16_findmem                     LOCAL, NOT NEEDED


                ****************************************
                *                                      *
                *            MODULE SUMMARY            *
                *                                      *
                ****************************************

Module               CODE      DATA      CONST
------               ----      ----      -----
                    (Rel)  (Rel)  (Abs)  (Rel)
?CopyMemoryBytes       16
?__dbg_break            2
?__exit                22
?_exit                  4
?cstart                24
?exit                   4
?memzero               18
?reset_vector           2
IOT                 3 196             2    663
  + shared                            2
LCD                   486     52      8
  + shared                            2
clocks                186            12
convert
  + shared                            6
display               124
init                  438            20
  + shared                           16
interrupts            256            10
  + shared             98             2
  + common
main                  216    252            26
motor_control          64
ports                 864            20
switch                106                    2
system                  6
timersB2               96      2     14
  + common             72
N/A (command line)           240
N/A (alignment)
----------          -----    ---    ---    ---
Total:              6 130    546    114    691
  + common             98


                ****************************************
                *                                      *
                *      SEGMENTS IN ADDRESS ORDER       *
                *                                      *
                ****************************************


SEGMENT              SPACE    START ADDRESS   END ADDRESS     SIZE  TYPE  ALIGN
=======              =====    =============   ===========     ====  ====  =====
DATA16_AN                              015C - 015D               2   rel    0
                                       0160 - 0169               A 
                                       0202 - 0207               6 
                                       020A - 020D               4 
                                       0220 - 0227               8 
                                       022A - 022D               4 
                                       0322 - 0325               4 
                                       032A - 032D               4 
                                       0340 - 0343               4 
                                       0352 - 0353               2 
                                       0360 - 0361               2 
                                       0440 - 0443               4 
                                       0452 - 0457               6 
                                       0460 - 0461               2 
                                       046E - 046F               2 
                                       05C0 - 05C1               2 
                                       05C6 - 05C9               4 
                                       05CC - 05CF               4 
                                       05DA - 05DB               2 
                                       05DE - 05E1               4 
                                       05E6 - 05E9               4 
                                       05EC - 05EF               4 
                                       05FA - 05FB               2 
                                       05FE - 05FF               2 
                                       0640 - 0641               2 
                                       0646 - 0647               2 
                                       064E - 064F               2 
                                       066C - 066D               2 
                                       0700 - 0705               6 
                                       070A - 070B               2 
                                       0712 - 0713               2 
                                       071A - 071B               2 
                                       071E - 071F               2 
DATA16_I                                  1C00                       dse    0
DATA16_Z                               1C00 - 1D31             132   rel    1
CODE_I                                    1D32                       rel    1
DATA20_I                                  1D32                       rel    1
DATA20_Z                                  1D32                       rel    1
DATA20_N                                  1D32                       rel    1
CSTACK                                 1F60 - 1FFF              A0   rel    1
DATA16_HEAP                               C200                       dse    0
DATA20_HEAP                            C200 - C24F              50   rel    1
DATA16_C                               C250 - C502             2B3   rel    0
DATA20_C                                  C504                       rel    1
DATA20_ID                                 C504                       rel    1
CSTART                                 C504 - C51B              18   rel    1
ISR_CODE                               C51C - C661             146   rel    1
CODE_ID                                   C662                       rel    1
<CODE> 1                               C662 - DCF3            1692   rel    1
INTVEC                                 FF90 - FFF1              62   com    1
RESET                                  FFFE - FFFF               2   rel    1

                ****************************************
                *                                      *
                *        END OF CROSS REFERENCE        *
                *                                      *
                ****************************************

 6 228 bytes of CODE  memory
   546 bytes of DATA  memory (+ 114 absolute )
   691 bytes of CONST memory

Errors: none
Warnings: none

