################################################################################
#                                                                              #
#      IAR Universal Linker V6.3.2.73                                          #
#                                                                              #
#           Link time     =  19/Oct/2015  03:56:30                             #
#           Target CPU    =  MSP430                                            #
#           List file     =  "C:\Users\Christopher\Documents\ECE 306\Project_0 #
#                            5\Debug\List\Project_05.map"                      #
#           Output file 1 =  "C:\Users\Christopher\Documents\ECE 306\Project_0 #
#                            5\Debug\Exe\Project_05.d43"                       #
#                            Format: ubrof10                                   #
#                            UBROF version 10.0.6                              #
#                            Using library modules for C-SPY (-rt)             #
#           Command line  =  "C:\Users\Christopher\Documents\ECE 306\Project_0 #
#                            5\Debug\Obj\A0handler.r43"                        #
#                            "C:\Users\Christopher\Documents\ECE 306\Project_0 #
#                            5\Debug\Obj\adc.r43"                              #
#                            "C:\Users\Christopher\Documents\ECE 306\Project_0 #
#                            5\Debug\Obj\calibrate.r43"                        #
#                            "C:\Users\Christopher\Documents\ECE 306\Project_0 #
#                            5\Debug\Obj\circle.r43"                           #
#                            "C:\Users\Christopher\Documents\ECE 306\Project_0 #
#                            5\Debug\Obj\clocks.r43"                           #
#                            "C:\Users\Christopher\Documents\ECE 306\Project_0 #
#                            5\Debug\Obj\detect.r43"                           #
#                            "C:\Users\Christopher\Documents\ECE 306\Project_0 #
#                            5\Debug\Obj\display.r43"                          #
#                            "C:\Users\Christopher\Documents\ECE 306\Project_0 #
#                            5\Debug\Obj\figure8.r43"                          #
#                            "C:\Users\Christopher\Documents\ECE 306\Project_0 #
#                            5\Debug\Obj\five_msec_delay.r43"                  #
#                            "C:\Users\Christopher\Documents\ECE 306\Project_0 #
#                            5\Debug\Obj\hex.r43"                              #
#                            "C:\Users\Christopher\Documents\ECE 306\Project_0 #
#                            5\Debug\Obj\init.r43"                             #
#                            "C:\Users\Christopher\Documents\ECE 306\Project_0 #
#                            5\LCD.r43"                                        #
#                            "C:\Users\Christopher\Documents\ECE 306\Project_0 #
#                            5\Debug\Obj\LED.r43"                              #
#                            "C:\Users\Christopher\Documents\ECE 306\Project_0 #
#                            5\Debug\Obj\left_forward_off.r43"                 #
#                            "C:\Users\Christopher\Documents\ECE 306\Project_0 #
#                            5\Debug\Obj\left_forward_on.r43"                  #
#                            "C:\Users\Christopher\Documents\ECE 306\Project_0 #
#                            5\Debug\Obj\left_reverse_off.r43"                 #
#                            "C:\Users\Christopher\Documents\ECE 306\Project_0 #
#                            5\Debug\Obj\left_reverse_on.r43"                  #
#                            "C:\Users\Christopher\Documents\ECE 306\Project_0 #
#                            5\Debug\Obj\main.r43"                             #
#                            "C:\Users\Christopher\Documents\ECE 306\Project_0 #
#                            5\Debug\Obj\pfive.r43"                            #
#                            "C:\Users\Christopher\Documents\ECE 306\Project_0 #
#                            5\Debug\Obj\pfour.r43"                            #
#                            "C:\Users\Christopher\Documents\ECE 306\Project_0 #
#                            5\Debug\Obj\ports.r43"                            #
#                            "C:\Users\Christopher\Documents\ECE 306\Project_0 #
#                            5\Debug\Obj\right_forward_off.r43"                #
#                            "C:\Users\Christopher\Documents\ECE 306\Project_0 #
#                            5\Debug\Obj\right_forward_on.r43"                 #
#                            "C:\Users\Christopher\Documents\ECE 306\Project_0 #
#                            5\Debug\Obj\right_reverse_off.r43"                #
#                            "C:\Users\Christopher\Documents\ECE 306\Project_0 #
#                            5\Debug\Obj\right_reverse_on.r43"                 #
#                            "C:\Users\Christopher\Documents\ECE 306\Project_0 #
#                            5\Debug\Obj\switch.r43"                           #
#                            "C:\Users\Christopher\Documents\ECE 306\Project_0 #
#                            5\Debug\Obj\system.r43"                           #
#                            "C:\Users\Christopher\Documents\ECE 306\Project_0 #
#                            5\Debug\Obj\timers.r43"                           #
#                            "C:\Users\Christopher\Documents\ECE 306\Project_0 #
#                            5\Debug\Obj\timersA0.r43"                         #
#                            "C:\Users\Christopher\Documents\ECE 306\Project_0 #
#                            5\timersB2.r43"                                   #
#                            "C:\Users\Christopher\Documents\ECE 306\Project_0 #
#                            5\Debug\Obj\triangle.r43"                         #
#                            -o                                                #
#                            "C:\Users\Christopher\Documents\ECE 306\Project_0 #
#                            5\Debug\Exe\Project_05.d43"                       #
#                            -l                                                #
#                            "C:\Users\Christopher\Documents\ECE 306\Project_0 #
#                            5\Debug\List\Project_05.map"                      #
#                            -xesni "-ID:\IAR Embedded Workbench\430\LIB\"     #
#                            -f                                                #
#                            "D:\IAR Embedded Workbench\430\config\linker\lnk4 #
#                            30fr5739.xcl"                                     #
#                            (-cmsp430 -QCODE_I=CODE_ID -QTLS16_I=TLS16_ID     #
#                            -D__iar_HWMUL=4C0 -Z(CONST)INFO=1800-18FF         #
#                            -Z(CONST)INFOA=1880-18FF                          #
#                            -Z(CONST)INFOB=1800-187F                          #
#                            -Z(DATA)DATA16_I,DATA16_Z,DATA16_N,TLS16_I=1C00-1 #
#                            FFF                                               #
#                            -Z(DATA)CODE_I                                    #
#                            -Z(DATA)DATA20_I,DATA20_Z,DATA20_N                #
#                            -Z(DATA)CSTACK+_STACK_SIZE#                       #
#                            -Z(CONST)DATA16_P,DATA20_P=C200-FF7F              #
#                            -Z(DATA)DATA16_HEAP+_DATA16_HEAP_SIZE,DATA20_HEAP #
#                            +_DATA20_HEAP_SIZE                                #
#                            -Z(CONST)MPU_B1                                   #
#                            -Z(CONST)DATA16_C,DATA16_ID,TLS16_ID,DIFUNCT,CHEC #
#                            KSUM=C200-FF7F                                    #
#                            -Z(CONST)DATA20_C,DATA20_ID -Z(CONST)MPU_B2       #
#                            -Z(CODE)CSTART,ISR_CODE,CODE_ID=C200-FF7F         #
#                            -P(CODE)CODE,CODE16=C200-FF7F -Z(CODE)CODE_PAD    #
#                            -Z(CONST)SIGNATURE=FF80-FF8F                      #
#                            -Z(CODE)INTVEC=FF90-FFFF                          #
#                            -Z(CODE)RESET=FFFE-FFFF) -f                       #
#                            "D:\IAR Embedded Workbench\430\config\linker\mult #
#                            iplier32.xcl"                                     #
#                            (-e?Mul8Hw=?Mul8 -e?Mul16Hw=?Mul16                #
#                            -e?Mul16to32uHw=?Mul16to32u                       #
#                            -e?Mul16to32sHw=?Mul16to32s -e?Mul32Hw32=?Mul32   #
#                            -e?Mul64Hw32=_Mul64i                              #
#                            -e?Mul32u32uto64iHw32=_Mul32u32uto64i             #
#                            -e?Mul32fHw=_Mul32f -e_Mul64fHwPtr=_Mul64fPtr)    #
#                            -D_STACK_SIZE=A0 -rt                              #
#                            "D:\IAR Embedded Workbench\430\lib\dlib\dl430xlsf #
#                            n.r43"                                            #
#                            -e_PrintfLarge=_Printf -e_ScanfLarge=_Scanf       #
#                            -D_DATA16_HEAP_SIZE=A0 -s __program_start         #
#                            -D_DATA20_HEAP_SIZE=50                            #
#                                                                              #
#                           Copyright (C) 1987-2015 IAR Systems AB.            #
################################################################################





                ****************************************
                *                                      *
                *           CROSS REFERENCE            *
                *                                      *
                ****************************************

       Program entry at :           C504  Relocatable, from module : ?cstart




                ****************************************
                *                                      *
                *            RUNTIME MODEL             *
                *                                      *
                ****************************************

  __Heap_Handler             = Basic
  __SystemLibrary            = DLib
  __code_model               = large
  __core                     = 430X
  __data_model               = small
  __dlib_file_descriptor     = 0
  __dlib_full_locale_support = 0
  __double_size              = 32
  __pic                      = no
  __reg_r4                   = free
  __reg_r5                   = free
  __rt_version               = 3

                ****************************************
                *                                      *
                *    AUTOMATIC SYMBOL REDIRECTIONS     *
                *                                      *
                ****************************************

                  There are no automatic symbol redirections.

                ****************************************
                *                                      *
                *              ENTRY LIST              *
                *                                      *
                ****************************************

Module  Entry                              Address
------  -----                              -------
?FILLER_BYTES
?ABS_ENTRY_MOD
        _DATA20_HEAP_SIZE                   0050
        _DATA16_HEAP_SIZE                   00A0
        _STACK_SIZE                         00A0
        __iar_HWMUL                         04C0
A0handler ( C:\Users\Christopher\Documents\ECE 306\Project_05\Debug\Obj\A0handler.r43 )
        TA0CCR0                             0352
        Timer_A0_ISR                        C51C
        Timer_A0_ISR::??INTVEC 90           FFEA
        ?setjmp_save_r4                     NOT NEEDED
        ?setjmp_save_r5                     NOT NEEDED
adc ( C:\Users\Christopher\Documents\ECE 306\Project_05\Debug\Obj\adc.r43 )
        _A_ADC10CTL0_L                      0700
        _A_ADC10CTL1_L                      0702
        _A_ADC10CTL2_L                      0704
        _A_ADC10MCTL0_L                     070A
        _A_ADC10MEM0_L                      0712
        _A_ADC10IE_L                        071A
        _A_ADC10IV_L                        071E
        Init_ADC                            D758
        ADC10_ISR                           C534
        ADC10_Process                       DB84
        ADC10_ISR::??INTVEC 92              FFEC
        ?setjmp_save_r4                     NOT NEEDED
        ?setjmp_save_r5                     NOT NEEDED
        ADC10CTL0                           0700
        ADC10CTL0_H                         0701
        ADC10CTL0_L                         0700
        ADC10CTL1                           0702
        ADC10CTL1_H                         0703
        ADC10CTL1_L                         0702
        ADC10CTL2                           0704
        ADC10CTL2_H                         0705
        ADC10CTL2_L                         0704
        ADC10MCTL0                          070A
        ADC10MCTL0_H                        070B
        ADC10MCTL0_L                        070A
        ADC10MEM0                           0712
        ADC10MEM0_H                         0713
        ADC10MEM0_L                         0712
        ADC10IE                             071A
        ADC10IE_H                           071B
        ADC10IE_L                           071A
        ADC10IV                             071E
        ADC10IV_H                           071F
        ADC10IV_L                           071E
calibrate ( C:\Users\Christopher\Documents\ECE 306\Project_05\Debug\Obj\calibrate.r43 )
        Calibrate                           D822
        ?setjmp_save_r4                     NOT NEEDED
        ?setjmp_save_r5                     NOT NEEDED
circle ( C:\Users\Christopher\Documents\ECE 306\Project_05\Debug\Obj\circle.r43 )
        Circle_Drive                        D134
        ?setjmp_save_r4                     NOT NEEDED
        ?setjmp_save_r5                     NOT NEEDED
clocks ( C:\Users\Christopher\Documents\ECE 306\Project_05\Debug\Obj\clocks.r43 )
        _A_CSCTL0_L                         0160
        _A_CSCTL1_L                         0162
        _A_CSCTL2_L                         0164
        _A_CSCTL3_L                         0166
        _A_CSCTL4_L                         0168
        _A_WDTCTL_L                         015C
        Init_Clocks                         D6E6
        ?setjmp_save_r4                     NOT NEEDED
        ?setjmp_save_r5                     NOT NEEDED
        CSCTL0                              0160
        CSCTL0_H                            0161
        CSCTL0_L                            0160
        CSCTL1                              0162
        CSCTL1_H                            0163
        CSCTL1_L                            0162
        CSCTL2                              0164
        CSCTL2_H                            0165
        CSCTL2_L                            0164
        CSCTL3                              0166
        CSCTL3_H                            0167
        CSCTL3_L                            0166
        CSCTL4                              0168
        CSCTL4_H                            0169
        CSCTL4_L                            0168
        WDTCTL                              015C
        WDTCTL_H                            015D
        WDTCTL_L                            015C
detect ( C:\Users\Christopher\Documents\ECE 306\Project_05\Debug\Obj\detect.r43 )
        _A_PBIN_L                           0220
        Detect                              D872
        ?setjmp_save_r4                     NOT NEEDED
        ?setjmp_save_r5                     NOT NEEDED
        PBIN                                0220
        PBIN_H                              0221
        PBIN_L                              0220
display ( C:\Users\Christopher\Documents\ECE 306\Project_05\Debug\Obj\display.r43 )
        Display_Process                     D8BC
        ?setjmp_save_r4                     NOT NEEDED
        ?setjmp_save_r5                     NOT NEEDED
figure8 ( C:\Users\Christopher\Documents\ECE 306\Project_05\Debug\Obj\figure8.r43 )
        Figure8_Drive                       CFD0
        ?setjmp_save_r4                     NOT NEEDED
        ?setjmp_save_r5                     NOT NEEDED
five_msec_delay ( C:\Users\Christopher\Documents\ECE 306\Project_05\Debug\Obj\five_msec_delay.r43 )
        Five_msec_Delay                     DAE6
        ?setjmp_save_r4                     NOT NEEDED
        ?setjmp_save_r5                     NOT NEEDED
hex ( C:\Users\Christopher\Documents\ECE 306\Project_05\Debug\Obj\hex.r43 )
        Display_ADC                         D4D2
        ?setjmp_save_r4                     NOT NEEDED
        ?setjmp_save_r5                     NOT NEEDED
init ( C:\Users\Christopher\Documents\ECE 306\Project_05\Debug\Obj\init.r43 )
        Init_Conditions                     DA26
        ?setjmp_save_r4                     NOT NEEDED
        ?setjmp_save_r5                     NOT NEEDED
LCD ( C:\Users\Christopher\Documents\ECE 306\Project_05\LCD.r43 )
        _A_PAOUT_L                          0202
        _A_PBOUT_L                          0222
        _A_PJOUT_L                          0322
        _A_UCB0CTLW0_L                      0640
        _A_UCB0BRW_L                        0646
        _A_UCB0TXBUF_L                      064E
        _A_UCB0IFG_L                        066C
        SPI_Char                            NOT NEEDED
        lcd_control                         NOT NEEDED
        display_line_1                      1C1E
        display_line_2                      1C29
        display_line_3                      1C34
        display_line_4                      1C3F
        display_1                           1C00
        display_2                           1C02
        display_3                           1C04
        display_4                           1C06
        char_count                          NOT NEEDED
        current_line                        NOT NEEDED
        update_display_count                NOT NEEDED
        display_update_time                 NOT NEEDED
        spi_rs_data                         NOT NEEDED
        spi_rs_command                      NOT NEEDED
        spi_chipselect_idle                 DB3E
        spi_chipselect_active               DB9E
        spi_reset_idle                      DBE0
        spi_reset_active                    DBE6
        Init_LCD                            D646
        lcd_4line                           DBB2
        lcd_BIG_mid                         DACE
        lcd_out                             DA02
        lcd_puts                            NOT NEEDED
        WriteIns                            D9D6
        WriteData                           D9AA
        CheckBusy                           NOT NEEDED
        ClrDisplay                          DB92
        SetPostion                          DB62
        DisplayOnOff                        DB74
        Init_SPI_B0                         D900
        SPI_B0_write                        DB2A
        ?setjmp_save_r4                     NOT NEEDED
        ?setjmp_save_r5                     NOT NEEDED
        PAOUT                               0202
        PAOUT_H                             0203
        PAOUT_L                             0202
        PBOUT                               0222
        PBOUT_H                             0223
        PBOUT_L                             0222
        PJOUT                               0322
        PJOUT_H                             0323
        PJOUT_L                             0322
        UCB0CTLW0                           0640
        UCB0CTLW0_H                         0641
        UCB0CTLW0_L                         0640
        UCB0BRW                             0646
        UCB0BRW_H                           0647
        UCB0BRW_L                           0646
        UCB0TXBUF                           064E
        UCB0TXBUF_H                         064F
        UCB0TXBUF_L                         064E
        UCB0IFG                             066C
        UCB0IFG_H                           066D
        UCB0IFG_L                           066C
LED ( C:\Users\Christopher\Documents\ECE 306\Project_05\Debug\Obj\LED.r43 )
        Init_LEDs                           DBF4
        ?setjmp_save_r4                     NOT NEEDED
        ?setjmp_save_r5                     NOT NEEDED
left_forward_off ( C:\Users\Christopher\Documents\ECE 306\Project_05\Debug\Obj\left_forward_off.r43 )
        _A_PBOUT_L                          NOT NEEDED
        Left_Forward_Off                    DBD2
        ?setjmp_save_r4                     NOT NEEDED
        ?setjmp_save_r5                     NOT NEEDED
        PBOUT                               0222
        PBOUT_H                             0223
        PBOUT_L                             0222
left_forward_on ( C:\Users\Christopher\Documents\ECE 306\Project_05\Debug\Obj\left_forward_on.r43 )
        _A_PBOUT_L                          NOT NEEDED
        Left_Forward_On                     DA98
        ?setjmp_save_r4                     NOT NEEDED
        ?setjmp_save_r5                     NOT NEEDED
        PBOUT                               0222
        PBOUT_H                             0223
        PBOUT_L                             0222
left_reverse_off ( C:\Users\Christopher\Documents\ECE 306\Project_05\Debug\Obj\left_reverse_off.r43 )
        _A_PBOUT_L                          NOT NEEDED
        Left_Reverse_Off                    DBC2
        ?setjmp_save_r4                     NOT NEEDED
        ?setjmp_save_r5                     NOT NEEDED
        PBOUT                               0222
        PBOUT_H                             0223
        PBOUT_L                             0222
left_reverse_on ( C:\Users\Christopher\Documents\ECE 306\Project_05\Debug\Obj\left_reverse_on.r43 )
        _A_PBOUT_L                          NOT NEEDED
        Left_Reverse_On                     DA7C
        ?setjmp_save_r4                     NOT NEEDED
        ?setjmp_save_r5                     NOT NEEDED
        PBOUT                               0222
        PBOUT_H                             0223
        PBOUT_L                             0222
main ( C:\Users\Christopher\Documents\ECE 306\Project_05\Debug\Obj\main.r43 )
        _A_PJOUT_L                          NOT NEEDED
        control_state                       NOT NEEDED
        Time_Sequence                       1C08
        led_smclk                           NOT NEEDED
        one_time                            1C4A
        posL1                               1C4B
        posL2                               1C4C
        posL3                               1C4D
        posL4                               1C4E
        size_count                          NOT NEEDED
        big                                 1C4F
        switch_select                       1C50
        A0_time_count                       1C0A
        ADC_Right_Detector                  1C0C
        ADC_Left_Detector                   1C0E
        ADC_Thumb                           1C10
        ADC_Temp                            1C12
        ADC_Bat                             1C14
        ADC_Channel                         1C16
        adc_RD_Enable                       1C51
        adc_LD_Enable                       1C52
        thumbEnable                         1C53
        tempEnable                          1C54
        batEnable                           1C55
        blackLineLeft                       1C18
        blackLineRight                      1C1A
        main                                D23E
        ?setjmp_save_r4                     NOT NEEDED
        ?setjmp_save_r5                     NOT NEEDED
        PJOUT                               0322
        PJOUT_H                             0323
        PJOUT_L                             0322
pfive ( C:\Users\Christopher\Documents\ECE 306\Project_05\Debug\Obj\pfive.r43 )
        P_Five_Drive                        C5FE
        ?setjmp_save_r4                     NOT NEEDED
        ?setjmp_save_r5                     NOT NEEDED
pfour ( C:\Users\Christopher\Documents\ECE 306\Project_05\Debug\Obj\pfour.r43 )
        P_Four_Drive                        CB6A
        ?setjmp_save_r4                     NOT NEEDED
        ?setjmp_save_r5                     NOT NEEDED
ports ( C:\Users\Christopher\Documents\ECE 306\Project_05\Debug\Obj\ports.r43 )
        _A_PAOUT_L                          NOT NEEDED
        _A_PADIR_L                          0204
        _A_PAREN_L                          0206
        _A_PASEL0_L                         020A
        _A_PASEL1_L                         020C
        _A_PBOUT_L                          NOT NEEDED
        _A_PBDIR_L                          0224
        _A_PBREN_L                          0226
        _A_PBSEL0_L                         022A
        _A_PBSEL1_L                         022C
        _A_PJOUT_L                          NOT NEEDED
        _A_PJDIR_L                          0324
        _A_PJSEL0_L                         032A
        _A_PJSEL1_L                         032C
        Init_Ports                          DAFE
        Init_Port1                          D592
        Init_Port2                          D410
        Init_Port3                          D334
        Init_Port4                          D93E
        Init_PortJ                          D7C4
        ?setjmp_save_r4                     NOT NEEDED
        ?setjmp_save_r5                     NOT NEEDED
        PAOUT                               0202
        PAOUT_H                             0203
        PAOUT_L                             0202
        PADIR                               0204
        PADIR_H                             0205
        PADIR_L                             0204
        PAREN                               0206
        PAREN_H                             0207
        PAREN_L                             0206
        PASEL0                              020A
        PASEL0_H                            020B
        PASEL0_L                            020A
        PASEL1                              020C
        PASEL1_H                            020D
        PASEL1_L                            020C
        PBOUT                               0222
        PBOUT_H                             0223
        PBOUT_L                             0222
        PBDIR                               0224
        PBDIR_H                             0225
        PBDIR_L                             0224
        PBREN                               0226
        PBREN_H                             0227
        PBREN_L                             0226
        PBSEL0                              022A
        PBSEL0_H                            022B
        PBSEL0_L                            022A
        PBSEL1                              022C
        PBSEL1_H                            022D
        PBSEL1_L                            022C
        PJOUT                               0322
        PJOUT_H                             0323
        PJOUT_L                             0322
        PJDIR                               0324
        PJDIR_H                             0325
        PJDIR_L                             0324
        PJSEL0                              032A
        PJSEL0_H                            032B
        PJSEL0_L                            032A
        PJSEL1                              032C
        PJSEL1_H                            032D
        PJSEL1_L                            032C
right_forward_off ( C:\Users\Christopher\Documents\ECE 306\Project_05\Debug\Obj\right_forward_off.r43 )
        _A_PBOUT_L                          NOT NEEDED
        Right_Forward_Off                   DBBA
        ?setjmp_save_r4                     NOT NEEDED
        ?setjmp_save_r5                     NOT NEEDED
        PBOUT                               0222
        PBOUT_H                             0223
        PBOUT_L                             0222
right_forward_on ( C:\Users\Christopher\Documents\ECE 306\Project_05\Debug\Obj\right_forward_on.r43 )
        _A_PBOUT_L                          NOT NEEDED
        Right_Forward_On                    DA60
        ?setjmp_save_r4                     NOT NEEDED
        ?setjmp_save_r5                     NOT NEEDED
        PBOUT                               0222
        PBOUT_H                             0223
        PBOUT_L                             0222
right_reverse_off ( C:\Users\Christopher\Documents\ECE 306\Project_05\Debug\Obj\right_reverse_off.r43 )
        _A_PBOUT_L                          NOT NEEDED
        Right_Reverse_Off                   DBAA
        ?setjmp_save_r4                     NOT NEEDED
        ?setjmp_save_r5                     NOT NEEDED
        PBOUT                               0222
        PBOUT_H                             0223
        PBOUT_L                             0222
right_reverse_on ( C:\Users\Christopher\Documents\ECE 306\Project_05\Debug\Obj\right_reverse_on.r43 )
        _A_PBOUT_L                          NOT NEEDED
        Right_Reverse_On                    DA44
        ?setjmp_save_r4                     NOT NEEDED
        ?setjmp_save_r5                     NOT NEEDED
        PBOUT                               0222
        PBOUT_H                             0223
        PBOUT_L                             0222
switch ( C:\Users\Christopher\Documents\ECE 306\Project_05\Debug\Obj\switch.r43 )
        _A_PBIN_L                           NOT NEEDED
        Switches_Process                    C8E8
        ?setjmp_save_r4                     NOT NEEDED
        ?setjmp_save_r5                     NOT NEEDED
        PBIN                                0220
        PBIN_H                              0221
        PBIN_L                              0220
system ( C:\Users\Christopher\Documents\ECE 306\Project_05\Debug\Obj\system.r43 )
        enable_interrupts                   DBDA
        ?setjmp_save_r4                     NOT NEEDED
        ?setjmp_save_r5                     NOT NEEDED
timers ( C:\Users\Christopher\Documents\ECE 306\Project_05\Debug\Obj\timers.r43 )
        Init_Timers                         DBCA
        ?setjmp_save_r4                     NOT NEEDED
        ?setjmp_save_r5                     NOT NEEDED
timersA0 ( C:\Users\Christopher\Documents\ECE 306\Project_05\Debug\Obj\timersA0.r43 )
        TA0CTL                              0340
        TA0CCTL0                            0342
        TA0CCR0                             NOT NEEDED
        TA0EX0                              0360
        Init_Timer_A0                       D978
        ?setjmp_save_r4                     NOT NEEDED
        ?setjmp_save_r5                     NOT NEEDED
timersB2 ( C:\Users\Christopher\Documents\ECE 306\Project_05\timersB2.r43 )
        TB2CTL                              0440
        TB2CCTL0                            0442
        TB2CCR0                             0452
        TB2CCR1                             0454
        TB2CCR2                             0456
        TB2IV                               046E
        TB2EX0                              0460
        five_msec_count                     1C1C
        sleeping                            NOT NEEDED
        sleeptime                           NOT NEEDED
        Init_Timer_B2                       DAB4
        measure_delay                       NOT NEEDED
        five_msec_sleep                     NOT NEEDED
        led_blink                           NOT NEEDED
        gps_resetting                       NOT NEEDED
        gps_2b_reset                        NOT NEEDED
        reset_gps_time                      NOT NEEDED
        transmit_delay                      NOT NEEDED
        transmit_time                       NOT NEEDED
        Timer2_B0_ISR                       C5B8
        TIMER2_B1_ISR                       C5D4
        TIMER2_B1_ISR::??INTVEC 68          FFD4
        Timer2_B0_ISR::??INTVEC 70          FFD6
        ?setjmp_save_r4                     NOT NEEDED
        ?setjmp_save_r5                     NOT NEEDED
triangle ( C:\Users\Christopher\Documents\ECE 306\Project_05\Debug\Obj\triangle.r43 )
        Triangle_Drive                      CDD2
        ?setjmp_save_r4                     NOT NEEDED
        ?setjmp_save_r5                     NOT NEEDED
?abort ( D:\IAR Embedded Workbench\430\lib\dlib\dl430xlsfn.r43 )
        abort                               NOT NEEDED
?__dbg_break ( D:\IAR Embedded Workbench\430\lib\dlib\dl430xlsfn.r43 )
        __DebugBreak                        DBF6
?__dwrite ( D:\IAR Embedded Workbench\430\lib\dlib\dl430xlsfn.r43 )
        __dwrite                            NOT NEEDED
?__exit ( D:\IAR Embedded Workbench\430\lib\dlib\dl430xlsfn.r43 )
        __exit                              DB14
?__write ( D:\IAR Embedded Workbench\430\lib\dlib\dl430xlsfn.r43 )
        __write                             NOT NEEDED
?_exit ( D:\IAR Embedded Workbench\430\lib\dlib\dl430xlsfn.r43 )
        _exit                               DBEC
        __cstart_call_dtors                 NOT NEEDED
        __cstart_closeall                   NOT NEEDED
        __cstart_clearlocks                 NOT NEEDED
?cppinit ( D:\IAR Embedded Workbench\430\lib\dlib\dl430xlsfn.r43 )
        __call_ctors                        NOT NEEDED
        __alloc_record_needed_destruction   NOT NEEDED
        __record_needed_destruction         NOT NEEDED
        __call_dtors                        NOT NEEDED
        __data16_vec_cctor                  NOT NEEDED
?cstart ( D:\IAR Embedded Workbench\430\lib\dlib\dl430xlsfn.r43 )
        __program_start                     C504
        ?cstart_begin                       C504
        ?cstart_call_mpu_init               NOT NEEDED
        ?cstart_call_low_level_init         NOT NEEDED
        ?cstart_init_copy_ramfunc           NOT NEEDED
        ?cstart_init_zero                   C508
        ?cstart_init_copy                   NOT NEEDED
        ?cstart_init_zero20                 NOT NEEDED
        ?cstart_init_copy20                 NOT NEEDED
        __cstart_init_tls                   NOT NEEDED
        ?cstart_call_ctors                  NOT NEEDED
        ?cstart_call_main                   C514
        ?cstart_end                         C51C
lowinit ( D:\IAR Embedded Workbench\430\lib\dlib\dl430xlsfn.r43 )
        __low_level_init                    NOT NEEDED
?reset_vector ( D:\IAR Embedded Workbench\430\lib\dlib\dl430xlsfn.r43 )
        ?reset_vector                       FFFE
?exit ( D:\IAR Embedded Workbench\430\lib\dlib\dl430xlsfn.r43 )
        exit                                DBF0
?malloc ( D:\IAR Embedded Workbench\430\lib\dlib\dl430xlsfn.r43 )
        malloc                              NOT NEEDED
?memcpy ( D:\IAR Embedded Workbench\430\lib\dlib\dl430xlsfn.r43 )
        memcpy                              NOT NEEDED
?memmove ( D:\IAR Embedded Workbench\430\lib\dlib\dl430xlsfn.r43 )
        memmove                             NOT NEEDED
?memzero ( D:\IAR Embedded Workbench\430\lib\dlib\dl430xlsfn.r43 )
        __data16_memzero                    DB50
        __data16_memcpy                     NOT NEEDED
        __data16_memmove                    NOT NEEDED
?MpuInit ( D:\IAR Embedded Workbench\430\lib\dlib\dl430xlsfn.r43 )
        __iar_430_mpu_init                  NOT NEEDED
        ?mpu1_4k_init                       NOT NEEDED
        ?mpu1_8k_init                       NOT NEEDED
        ?mpu1_16k_init                      NOT NEEDED
        ?mpu2_init                          NOT NEEDED
?setjmp ( D:\IAR Embedded Workbench\430\lib\dlib\dl430xlsfn.r43 )
        setjmp                              NOT NEEDED
        ?setjmp_r5                          NOT NEEDED
        ?setjmp_r4                          NOT NEEDED
        ?setjmp_end                         NOT NEEDED
?longjmp ( D:\IAR Embedded Workbench\430\lib\dlib\dl430xlsfn.r43 )
        longjmp                             NOT NEEDED
        ?longjmp_r5                         NOT NEEDED
        ?longjmp_r4                         NOT NEEDED
        ?longjmp_end                        NOT NEEDED
?IndCallR11 ( D:\IAR Embedded Workbench\430\lib\dlib\dl430xlsfn.r43 )
        ?IndCallR11                         NOT NEEDED
?IndCallR15 ( D:\IAR Embedded Workbench\430\lib\dlib\dl430xlsfn.r43 )
        ?IndCallR15                         NOT NEEDED
?xcloseall ( D:\IAR Embedded Workbench\430\lib\dlib\dl430xlsfn.r43 )
        _Close_all                          NOT NEEDED
?xgetmemchunk ( D:\IAR Embedded Workbench\430\lib\dlib\dl430xlsfn.r43 )
        __data16_GetMemChunk                NOT NEEDED
?xxmemxfree ( D:\IAR Embedded Workbench\430\lib\dlib\dl430xlsfn.r43 )
        __data16_free                       NOT NEEDED
?xxmemxmalloc ( D:\IAR Embedded Workbench\430\lib\dlib\dl430xlsfn.r43 )
        __data16_Aldata                     NOT NEEDED
        __data16_malloc                     NOT NEEDED
        __data16_findmem                     LOCAL, NOT NEEDED


                ****************************************
                *                                      *
                *            MODULE SUMMARY            *
                *                                      *
                ****************************************

Module               CODE      DATA      CONST
------               ----      ----      -----
                    (Rel)  (Rel)  (Abs)  (Rel)
?__dbg_break            2
?__exit                22
?_exit                  4
?cstart                24
?exit                   4
?memzero               18
?reset_vector           2
A0handler              24
  + shared             92             2
  + common
LCD                   486     52      8
  + shared                            6
LED                     2
adc                   254            14
  + common             94
calibrate              80                   33
circle                266                   83
clocks                114            12
detect                 74
  + shared                            2
display                68
figure8               356                   83
five_msec_delay        24
hex                   192
init                   30
left_forward_off        8
left_forward_on        28
left_reverse_off        8
left_reverse_on        28
main                  246     32            30
pfive                 746                   84
pfour                 616                   84
ports                 768            22
right_forward_off       8
right_forward_on       28
right_reverse_off       8
right_reverse_on       28
switch                642                  218
system                  6
timers                  8
timersA0               50             6
timersB2               96      2     14
  + common             72
triangle              510                   76
N/A (command line)           240
N/A (alignment)
----------          -----    ---     --    ---
Total:              5 878    326     86    691
  + common             94


                ****************************************
                *                                      *
                *      SEGMENTS IN ADDRESS ORDER       *
                *                                      *
                ****************************************


SEGMENT              SPACE    START ADDRESS   END ADDRESS     SIZE  TYPE  ALIGN
=======              =====    =============   ===========     ====  ====  =====
DATA16_AN                              015C - 015D               2   rel    0
                                       0160 - 0169               A 
                                       0202 - 0207               6 
                                       020A - 020D               4 
                                       0220 - 0227               8 
                                       022A - 022D               4 
                                       0322 - 0325               4 
                                       032A - 032D               4 
                                       0340 - 0343               4 
                                       0352 - 0353               2 
                                       0360 - 0361               2 
                                       0440 - 0443               4 
                                       0452 - 0457               6 
                                       0460 - 0461               2 
                                       046E - 046F               2 
                                       0640 - 0641               2 
                                       0646 - 0647               2 
                                       064E - 064F               2 
                                       066C - 066D               2 
                                       0700 - 0705               6 
                                       070A - 070B               2 
                                       0712 - 0713               2 
                                       071A - 071B               2 
                                       071E - 071F               2 
DATA16_I                                  1C00                       dse    0
DATA16_Z                               1C00 - 1C55              56   rel    1
CODE_I                                    1C56                       rel    1
DATA20_Z                                  1C56                       rel    1
DATA20_N                                  1C56                       rel    1
DATA20_I                                  1C56                       rel    1
CSTACK                                 1F60 - 1FFF              A0   rel    1
DATA16_HEAP                               C200                       dse    0
DATA20_HEAP                            C200 - C24F              50   rel    1
DATA16_C                               C250 - C502             2B3   rel    0
DATA20_ID                                 C504                       rel    1
DATA20_C                                  C504                       rel    1
CSTART                                 C504 - C51B              18   rel    1
ISR_CODE                               C51C - C5FD              E2   rel    1
CODE_ID                                   C5FE                       rel    1
<CODE> 1                               C5FE - DBF7            15FA   rel    1
INTVEC                                 FF90 - FFED              5E   com    1
RESET                                  FFFE - FFFF               2   rel    1

                ****************************************
                *                                      *
                *        END OF CROSS REFERENCE        *
                *                                      *
                ****************************************

 5 972 bytes of CODE  memory
   326 bytes of DATA  memory (+ 86 absolute )
   691 bytes of CONST memory

Errors: none
Warnings: none

