################################################################################
#                                                                              #
#      IAR Universal Linker V6.3.2.73                                          #
#                                                                              #
#           Link time     =  16/Nov/2015  06:25:40                             #
#           Target CPU    =  MSP430                                            #
#           List file     =  "\\vmware-host\Shared Folders\Desktop\ECE306Code\ #
#                            Project 07\Debug\List\Project 02.map"             #
#           Output file 1 =  "\\vmware-host\Shared Folders\Desktop\ECE306Code\ #
#                            Project 07\Debug\Exe\Project 02.d43"              #
#                            Format: ubrof10                                   #
#                            UBROF version 10.0.6                              #
#                            Using library modules for C-SPY (-rt)             #
#           Command line  =  "\\vmware-host\Shared Folders\Desktop\ECE306Code\ #
#                            Project 07\Debug\Obj\adc.r43"                     #
#                            "\\vmware-host\Shared Folders\Desktop\ECE306Code\ #
#                            Project 07\Debug\Obj\clocks.r43"                  #
#                            "\\vmware-host\Shared Folders\Desktop\ECE306Code\ #
#                            Project 07\Debug\Obj\dance.r43"                   #
#                            "\\vmware-host\Shared Folders\Desktop\ECE306Code\ #
#                            Project 07\Debug\Obj\display.r43"                 #
#                            "\\vmware-host\Shared Folders\Desktop\ECE306Code\ #
#                            Project 07\Debug\Obj\init.r43"                    #
#                            "\\vmware-host\Shared Folders\Desktop\ECE306Code\ #
#                            Project 07\Debug\Obj\init_cereal.r43"             #
#                            "\\vmware-host\Shared Folders\Desktop\ECE306Code\ #
#                            Project 07\Debug\Obj\interrupt_timer.r43"         #
#                            "\\vmware-host\Shared Folders\Desktop\ECE306Code\ #
#                            Project 07\Debug\Obj\interrupts.r43"              #
#                            "\\vmware-host\Shared Folders\Desktop\ECE306Code\ #
#                            Project 07\Debug\Obj\iot-functions.r43"           #
#                            "\\vmware-host\Shared Folders\Desktop\ECE306Code\ #
#                            Project 07\LCD.r43"                               #
#                            "\\vmware-host\Shared Folders\Desktop\ECE306Code\ #
#                            Project 07\Debug\Obj\LED.r43"                     #
#                            "\\vmware-host\Shared Folders\Desktop\ECE306Code\ #
#                            Project 07\Debug\Obj\line-dance.r43"              #
#                            "\\vmware-host\Shared Folders\Desktop\ECE306Code\ #
#                            Project 07\Debug\Obj\main.r43"                    #
#                            "\\vmware-host\Shared Folders\Desktop\ECE306Code\ #
#                            Project 07\Debug\Obj\motors.r43"                  #
#                            "\\vmware-host\Shared Folders\Desktop\ECE306Code\ #
#                            Project 07\Debug\Obj\ports.r43"                   #
#                            "\\vmware-host\Shared Folders\Desktop\ECE306Code\ #
#                            Project 07\Debug\Obj\switch.r43"                  #
#                            "\\vmware-host\Shared Folders\Desktop\ECE306Code\ #
#                            Project 07\Debug\Obj\system.r43"                  #
#                            "\\vmware-host\Shared Folders\Desktop\ECE306Code\ #
#                            Project 07\Debug\Obj\thumbwheel.r43"              #
#                            "\\vmware-host\Shared Folders\Desktop\ECE306Code\ #
#                            Project 07\Debug\Obj\timers.r43"                  #
#                            "\\vmware-host\Shared Folders\Desktop\ECE306Code\ #
#                            Project 07\timersB2.r43"                          #
#                            -o                                                #
#                            "\\vmware-host\Shared Folders\Desktop\ECE306Code\ #
#                            Project 07\Debug\Exe\Project 02.d43"              #
#                            -l                                                #
#                            "\\vmware-host\Shared Folders\Desktop\ECE306Code\ #
#                            Project 07\Debug\List\Project 02.map"             #
#                            -xesni                                            #
#                            "-IC:\Program Files (x86)\IAR Systems\Embedded Wo #
#                            rkbench 7.2\430\LIB\"                             #
#                            -f                                                #
#                            "C:\Program Files (x86)\IAR Systems\Embedded Work #
#                            bench 7.2\430\config\linker\lnk430fr5739.xcl"     #
#                            (-cmsp430 -QCODE_I=CODE_ID -QTLS16_I=TLS16_ID     #
#                            -D__iar_HWMUL=4C0 -Z(CONST)INFO=1800-18FF         #
#                            -Z(CONST)INFOA=1880-18FF                          #
#                            -Z(CONST)INFOB=1800-187F                          #
#                            -Z(DATA)DATA16_I,DATA16_Z,DATA16_N,TLS16_I=1C00-1 #
#                            FFF                                               #
#                            -Z(DATA)CODE_I                                    #
#                            -Z(DATA)DATA20_I,DATA20_Z,DATA20_N                #
#                            -Z(DATA)CSTACK+_STACK_SIZE#                       #
#                            -Z(CONST)DATA16_P,DATA20_P=C200-FF7F              #
#                            -Z(DATA)DATA16_HEAP+_DATA16_HEAP_SIZE,DATA20_HEAP #
#                            +_DATA20_HEAP_SIZE                                #
#                            -Z(CONST)MPU_B1                                   #
#                            -Z(CONST)DATA16_C,DATA16_ID,TLS16_ID,DIFUNCT,CHEC #
#                            KSUM=C200-FF7F                                    #
#                            -Z(CONST)DATA20_C,DATA20_ID -Z(CONST)MPU_B2       #
#                            -Z(CODE)CSTART,ISR_CODE,CODE_ID=C200-FF7F         #
#                            -P(CODE)CODE,CODE16=C200-FF7F -Z(CODE)CODE_PAD    #
#                            -Z(CONST)SIGNATURE=FF80-FF8F                      #
#                            -Z(CODE)INTVEC=FF90-FFFF                          #
#                            -Z(CODE)RESET=FFFE-FFFF) -f                       #
#                            "C:\Program Files (x86)\IAR Systems\Embedded Work #
#                            bench 7.2\430\config\linker\multiplier32.xcl"     #
#                            (-e?Mul8Hw=?Mul8 -e?Mul16Hw=?Mul16                #
#                            -e?Mul16to32uHw=?Mul16to32u                       #
#                            -e?Mul16to32sHw=?Mul16to32s -e?Mul32Hw32=?Mul32   #
#                            -e?Mul64Hw32=_Mul64i                              #
#                            -e?Mul32u32uto64iHw32=_Mul32u32uto64i             #
#                            -e?Mul32fHw=_Mul32f -e_Mul64fHwPtr=_Mul64fPtr)    #
#                            -D_STACK_SIZE=A0 -rt                              #
#                            "C:\Program Files (x86)\IAR Systems\Embedded Work #
#                            bench 7.2\430\lib\dlib\dl430xlsfn.r43"            #
#                            -e_PrintfLarge=_Printf -e_ScanfLarge=_Scanf       #
#                            -D_DATA16_HEAP_SIZE=A0 -s __program_start         #
#                            -D_DATA20_HEAP_SIZE=50                            #
#                                                                              #
#                           Copyright (C) 1987-2015 IAR Systems AB.            #
################################################################################





                ****************************************
                *                                      *
                *           CROSS REFERENCE            *
                *                                      *
                ****************************************

       Program entry at :           C302  Relocatable, from module : ?cstart




                ****************************************
                *                                      *
                *            RUNTIME MODEL             *
                *                                      *
                ****************************************

  __Heap_Handler             = Basic
  __SystemLibrary            = DLib
  __code_model               = large
  __core                     = 430X
  __data_model               = small
  __dlib_file_descriptor     = 0
  __dlib_full_locale_support = 0
  __double_size              = 32
  __pic                      = no
  __reg_r4                   = free
  __reg_r5                   = free
  __rt_version               = 3

                ****************************************
                *                                      *
                *    AUTOMATIC SYMBOL REDIRECTIONS     *
                *                                      *
                ****************************************

                  There are no automatic symbol redirections.

                ****************************************
                *                                      *
                *              ENTRY LIST              *
                *                                      *
                ****************************************

Module  Entry                              Address
------  -----                              -------
?FILLER_BYTES
?ABS_ENTRY_MOD
        _DATA20_HEAP_SIZE                   0050
        _DATA16_HEAP_SIZE                   00A0
        _STACK_SIZE                         00A0
        __iar_HWMUL                         04C0
adc ( \\vmware-host\Shared Folders\Desktop\ECE306Code\Project 07\Debug\Obj\adc.r43 )
        _A_ADC10CTL0_L                      0700
        _A_ADC10CTL1_L                      0702
        _A_ADC10CTL2_L                      0704
        _A_ADC10MCTL0_L                     070A
        _A_ADC10IE_L                        071A
        Init_ADC                            CBA8
        ADC_Process                         D178
        ?setjmp_save_r4                     NOT NEEDED
        ?setjmp_save_r5                     NOT NEEDED
        ADC10CTL0                           0700
        ADC10CTL0_H                         0701
        ADC10CTL0_L                         0700
        ADC10CTL1                           0702
        ADC10CTL1_H                         0703
        ADC10CTL1_L                         0702
        ADC10CTL2                           0704
        ADC10CTL2_H                         0705
        ADC10CTL2_L                         0704
        ADC10MCTL0                          070A
        ADC10MCTL0_H                        070B
        ADC10MCTL0_L                        070A
        ADC10IE                             071A
        ADC10IE_H                           071B
        ADC10IE_L                           071A
clocks ( \\vmware-host\Shared Folders\Desktop\ECE306Code\Project 07\Debug\Obj\clocks.r43 )
        _A_CSCTL0_L                         0160
        _A_CSCTL1_L                         0162
        _A_CSCTL2_L                         0164
        _A_CSCTL3_L                         0166
        _A_CSCTL4_L                         0168
        _A_WDTCTL_L                         015C
        Init_Clocks                         CB36
        ?setjmp_save_r4                     NOT NEEDED
        ?setjmp_save_r5                     NOT NEEDED
        CSCTL0                              0160
        CSCTL0_H                            0161
        CSCTL0_L                            0160
        CSCTL1                              0162
        CSCTL1_H                            0163
        CSCTL1_L                            0162
        CSCTL2                              0164
        CSCTL2_H                            0165
        CSCTL2_L                            0164
        CSCTL3                              0166
        CSCTL3_H                            0167
        CSCTL3_L                            0166
        CSCTL4                              0168
        CSCTL4_H                            0169
        CSCTL4_L                            0168
        WDTCTL                              015C
        WDTCTL_H                            015D
        WDTCTL_L                            015C
dance ( \\vmware-host\Shared Folders\Desktop\ECE306Code\Project 07\Debug\Obj\dance.r43 )
        twerk                               NOT NEEDED
        ?setjmp_save_r4                     NOT NEEDED
        ?setjmp_save_r5                     NOT NEEDED
display ( \\vmware-host\Shared Folders\Desktop\ECE306Code\Project 07\Debug\Obj\display.r43 )
        Display_Process                     CEC6
        setLCD                              C8D6
        clearLCD                            CE70
        displayLine1                        NOT NEEDED
        displayLine2                        NOT NEEDED
        displayLine3                        NOT NEEDED
        displayLine4                        NOT NEEDED
        ?setjmp_save_r4                     NOT NEEDED
        ?setjmp_save_r5                     NOT NEEDED
init ( \\vmware-host\Shared Folders\Desktop\ECE306Code\Project 07\Debug\Obj\init.r43 )
        Init_Conditions                     D04E
        ?setjmp_save_r4                     NOT NEEDED
        ?setjmp_save_r5                     NOT NEEDED
init_cereal ( \\vmware-host\Shared Folders\Desktop\ECE306Code\Project 07\Debug\Obj\init_cereal.r43 )
        _A_PAOUT_L                          0202
        _A_PADIR_L                          0204
        _A_PASEL0_L                         020A
        _A_PASEL1_L                         020C
        _A_UCA0CTLW0_L                      05C0
        _A_UCA0BRW_L                        05C6
        _A_UCA0MCTLW_L                      05C8
        _A_UCA0IE_L                         05DA
        _A_UCA1CTLW0_L                      05E0
        _A_UCA1BRW_L                        05E6
        _A_UCA1MCTLW_L                      05E8
        _A_UCA1IE_L                         05FA
        Init_Serial_UCA1                    C7CA
        Init_Serial_UCA0                    CA4C
        ?setjmp_save_r4                     NOT NEEDED
        ?setjmp_save_r5                     NOT NEEDED
        PAOUT                               0202
        PAOUT_H                             0203
        PAOUT_L                             0202
        PADIR                               0204
        PADIR_H                             0205
        PADIR_L                             0204
        PASEL0                              020A
        PASEL0_H                            020B
        PASEL0_L                            020A
        PASEL1                              020C
        PASEL1_H                            020D
        PASEL1_L                            020C
        UCA0CTLW0                           05C0
        UCA0CTLW0_H                         05C1
        UCA0CTLW0_L                         05C0
        UCA0BRW                             05C6
        UCA0BRW_H                           05C7
        UCA0BRW_L                           05C6
        UCA0MCTLW                           05C8
        UCA0MCTLW_H                         05C9
        UCA0MCTLW_L                         05C8
        UCA0IE                              05DA
        UCA0IE_H                            05DB
        UCA0IE_L                            05DA
        UCA1CTLW0                           05E0
        UCA1CTLW0_H                         05E1
        UCA1CTLW0_L                         05E0
        UCA1BRW                             05E6
        UCA1BRW_H                           05E7
        UCA1BRW_L                           05E6
        UCA1MCTLW                           05E8
        UCA1MCTLW_H                         05E9
        UCA1MCTLW_L                         05E8
        UCA1IE                              05FA
        UCA1IE_H                            05FB
        UCA1IE_L                            05FA
interrupt_timer ( \\vmware-host\Shared Folders\Desktop\ECE306Code\Project 07\Debug\Obj\interrupt_timer.r43 )
        Five_msec_Delay                     D0B4
        ?setjmp_save_r4                     NOT NEEDED
        ?setjmp_save_r5                     NOT NEEDED
interrupts ( \\vmware-host\Shared Folders\Desktop\ECE306Code\Project 07\Debug\Obj\interrupts.r43 )
        _A_ADC10CTL0_L                      NOT NEEDED
        _A_ADC10MCTL0_L                     NOT NEEDED
        _A_ADC10MEM0_L                      0712
        _A_ADC10IV_L                        071E
        _A_PJOUT_L                          0322
        TA0CCR0                             0352
        _A_UCA0RXBUF_L                      05CC
        UCA0IV                              05DE
        _A_UCA1RXBUF_L                      05EC
        UCA1IV                              05FE
        Timer0_A0_ISR                       C31A
        ADC10_ISR                           C33A
        USCI_A1_ISR                         C39C
        USCI_A0_ISR                         C3CE
        USCI_A1_ISR::??INTVEC 86            FFE6
        Timer0_A0_ISR::??INTVEC 90          FFEA
        ADC10_ISR::??INTVEC 92              FFEC
        USCI_A0_ISR::??INTVEC 96            FFF0
        ?setjmp_save_r4                     NOT NEEDED
        ?setjmp_save_r5                     NOT NEEDED
        ADC10CTL0                           0700
        ADC10CTL0_H                         0701
        ADC10CTL0_L                         0700
        ADC10MCTL0                          070A
        ADC10MCTL0_H                        070B
        ADC10MCTL0_L                        070A
        ADC10MEM0                           0712
        ADC10MEM0_H                         0713
        ADC10MEM0_L                         0712
        ADC10IV                             071E
        ADC10IV_H                           071F
        ADC10IV_L                           071E
        PJOUT                               0322
        PJOUT_H                             0323
        PJOUT_L                             0322
        UCA0RXBUF                           05CC
        UCA0RXBUF_H                         05CD
        UCA0RXBUF_L                         05CC
        UCA1RXBUF                           05EC
        UCA1RXBUF_H                         05ED
        UCA1RXBUF_L                         05EC
iot-functions ( \\vmware-host\Shared Folders\Desktop\ECE306Code\Project 07\Debug\Obj\iot-functions.r43 )
        _A_PJOUT_L                          NOT NEEDED
        _A_UCA0TXBUF_L                      05CE
        _A_UCA1TXBUF_L                      05EE
        Init_IOT                            D086
        setSSID                             CD46
        getSSID                             CAC4
        setHostName                         CCE0
        getHostName                         NOT NEEDED
        setPrivacyMode                      CDAC
        getPrivacyMode                      NOT NEEDED
        setNetworkMode                      CC14
        getNetworkMode                      NOT NEEDED
        iotSave                             CC7A
        iotReset                            C9D2
        getIpAddress                        NOT NEEDED
        getIotStatus                        C956
        displayIOT                          C852
        ?setjmp_save_r4                     NOT NEEDED
        ?setjmp_save_r5                     NOT NEEDED
        PJOUT                               0322
        PJOUT_H                             0323
        PJOUT_L                             0322
        UCA0TXBUF                           05CE
        UCA0TXBUF_H                         05CF
        UCA0TXBUF_L                         05CE
        UCA1TXBUF                           05EE
        UCA1TXBUF_H                         05EF
        UCA1TXBUF_L                         05EE
LCD ( \\vmware-host\Shared Folders\Desktop\ECE306Code\Project 07\LCD.r43 )
        _A_PAOUT_L                          NOT NEEDED
        _A_PBOUT_L                          0222
        _A_PJOUT_L                          NOT NEEDED
        _A_UCB0CTLW0_L                      0640
        _A_UCB0BRW_L                        0646
        _A_UCB0TXBUF_L                      064E
        _A_UCB0IFG_L                        066C
        SPI_Char                            NOT NEEDED
        lcd_control                         NOT NEEDED
        display_line_1                      1C28
        display_line_2                      1C33
        display_line_3                      1C3E
        display_line_4                      1C49
        display_1                           1C00
        display_2                           1C02
        display_3                           1C04
        display_4                           1C06
        char_count                          NOT NEEDED
        current_line                        NOT NEEDED
        update_display_count                NOT NEEDED
        display_update_time                 NOT NEEDED
        spi_rs_data                         NOT NEEDED
        spi_rs_command                      NOT NEEDED
        spi_chipselect_idle                 D114
        spi_chipselect_active               D192
        spi_reset_idle                      D1D2
        spi_reset_active                    D1CC
        Init_LCD                            C72A
        lcd_4line                           NOT NEEDED
        lcd_BIG_mid                         NOT NEEDED
        lcd_out                             D00C
        lcd_puts                            NOT NEEDED
        WriteIns                            CFE0
        WriteData                           CFB4
        CheckBusy                           NOT NEEDED
        ClrDisplay                          D186
        SetPostion                          D0F0
        DisplayOnOff                        D138
        Init_SPI_B0                         CF0A
        SPI_B0_write                        D0DC
        ?setjmp_save_r4                     NOT NEEDED
        ?setjmp_save_r5                     NOT NEEDED
        PAOUT                               0202
        PAOUT_H                             0203
        PAOUT_L                             0202
        PBOUT                               0222
        PBOUT_H                             0223
        PBOUT_L                             0222
        PJOUT                               0322
        PJOUT_H                             0323
        PJOUT_L                             0322
        UCB0CTLW0                           0640
        UCB0CTLW0_H                         0641
        UCB0CTLW0_L                         0640
        UCB0BRW                             0646
        UCB0BRW_H                           0647
        UCB0BRW_L                           0646
        UCB0TXBUF                           064E
        UCB0TXBUF_H                         064F
        UCB0TXBUF_L                         064E
        UCB0IFG                             066C
        UCB0IFG_H                           066D
        UCB0IFG_L                           066C
LED ( \\vmware-host\Shared Folders\Desktop\ECE306Code\Project 07\Debug\Obj\LED.r43 )
        _A_PJOUT_L                          NOT NEEDED
        Init_LEDs                           D102
        ?setjmp_save_r4                     NOT NEEDED
        ?setjmp_save_r5                     NOT NEEDED
        PJOUT                               0322
        PJOUT_H                             0323
        PJOUT_L                             0322
line-dance ( \\vmware-host\Shared Folders\Desktop\ECE306Code\Project 07\Debug\Obj\line-dance.r43 )
        _A_PAOUT_L                          NOT NEEDED
        line_dance                          NOT NEEDED
        emitter_on                          NOT NEEDED
        emitter_off                         NOT NEEDED
        calibrate_detector                  NOT NEEDED
        ?setjmp_save_r4                     NOT NEEDED
        ?setjmp_save_r5                     NOT NEEDED
        PAOUT                               0202
        PAOUT_H                             0203
        PAOUT_L                             0202
main ( \\vmware-host\Shared Folders\Desktop\ECE306Code\Project 07\Debug\Obj\main.r43 )
        _A_PJOUT_L                          NOT NEEDED
        control_state                       NOT NEEDED
        Time_Sequence                       1C08
        led_smclk                           NOT NEEDED
        ISR_COUNT                           1C0A
        UPDATE_LCD                          1C0C
        ADC_Thumb                           1C0E
        ADC_Right_Detector                  1C10
        ADC_Left_Detector                   1C12
        ADC_Temp                            NOT NEEDED
        ADC_Bat                             NOT NEEDED
        tracking_value_high                 NOT NEEDED
        tracking_value_low                  NOT NEEDED
        tracking_value                      NOT NEEDED
        ambience                            NOT NEEDED
        ADC_Channel                         1C14
        one_time                            1C54
        posL1                               1C55
        posL2                               1C56
        posL3                               1C57
        posL4                               1C58
        size_count                          NOT NEEDED
        cpu_rx_ring_wr                      1C16
        cpu_rx_ring_rd                      1C18
        cpu_tx_ring_wr                      1C1A
        cpu_tx_ring_rd                      1C1C
        big                                 1C59
        CPU_Char_Rx                         1C5A
        CPU_Char_Tx                         1C82
        inc                                 NOT NEEDED
        color                               NOT NEEDED
        USB_Char_Rx                         1CAA
        USB_Char_Tx                         1CD2
        usb_rx_ring_wr                      1C1E
        usb_rx_ring_rd                      1C20
        usb_tx_ring_wr                      1C22
        usb_tx_ring_rd                      1C24
        main                                C446
        ?setjmp_save_r4                     NOT NEEDED
        ?setjmp_save_r5                     NOT NEEDED
        PJOUT                               0322
        PJOUT_H                             0323
        PJOUT_L                             0322
motors ( \\vmware-host\Shared Folders\Desktop\ECE306Code\Project 07\Debug\Obj\motors.r43 )
        _A_PBOUT_L                          NOT NEEDED
        tmp                                 NOT NEEDED
        Init_Motors                         D158
        motor_straight                      NOT NEEDED
        motor_reverse                       NOT NEEDED
        circle                              NOT NEEDED
        figure_eight                        NOT NEEDED
        triangle                            NOT NEEDED
        right_off                           D1B6
        r_reverse_off                       D1AE
        left_off                            D1A6
        l_reverse_off                       D1BE
        right_on                            NOT NEEDED
        r_reverse_on                        NOT NEEDED
        left_on                             NOT NEEDED
        l_reverse_on                        NOT NEEDED
        ?setjmp_save_r4                     NOT NEEDED
        ?setjmp_save_r5                     NOT NEEDED
        PBOUT                               0222
        PBOUT_H                             0223
        PBOUT_L                             0222
ports ( \\vmware-host\Shared Folders\Desktop\ECE306Code\Project 07\Debug\Obj\ports.r43 )
        _A_PAOUT_L                          NOT NEEDED
        _A_PADIR_L                          NOT NEEDED
        _A_PAREN_L                          0206
        _A_PASEL0_L                         NOT NEEDED
        _A_PASEL1_L                         NOT NEEDED
        _A_PAIES_L                          0218
        _A_PBOUT_L                          NOT NEEDED
        _A_PBDIR_L                          0224
        _A_PBREN_L                          0226
        _A_PBSEL0_L                         022A
        _A_PBSEL1_L                         022C
        _A_PJOUT_L                          NOT NEEDED
        _A_PJDIR_L                          0324
        _A_PJSEL0_L                         032A
        _A_PJSEL1_L                         032C
        Init_Ports                          D0C8
        Init_Port1                          C5D4
        Init_Port2                          C680
        Init_Port3                          C522
        Init_Port4                          CF48
        Init_PortJ                          CE12
        ?setjmp_save_r4                     NOT NEEDED
        ?setjmp_save_r5                     NOT NEEDED
        PAOUT                               0202
        PAOUT_H                             0203
        PAOUT_L                             0202
        PADIR                               0204
        PADIR_H                             0205
        PADIR_L                             0204
        PAREN                               0206
        PAREN_H                             0207
        PAREN_L                             0206
        PASEL0                              020A
        PASEL0_H                            020B
        PASEL0_L                            020A
        PASEL1                              020C
        PASEL1_H                            020D
        PASEL1_L                            020C
        PAIES                               0218
        PAIES_H                             0219
        PAIES_L                             0218
        PBOUT                               0222
        PBOUT_H                             0223
        PBOUT_L                             0222
        PBDIR                               0224
        PBDIR_H                             0225
        PBDIR_L                             0224
        PBREN                               0226
        PBREN_H                             0227
        PBREN_L                             0226
        PBSEL0                              022A
        PBSEL0_H                            022B
        PBSEL0_L                            022A
        PBSEL1                              022C
        PBSEL1_H                            022D
        PBSEL1_L                            022C
        PJOUT                               0322
        PJOUT_H                             0323
        PJOUT_L                             0322
        PJDIR                               0324
        PJDIR_H                             0325
        PJDIR_L                             0324
        PJSEL0                              032A
        PJSEL0_H                            032B
        PJSEL0_L                            032A
        PJSEL1                              032C
        PJSEL1_H                            032D
        PJSEL1_L                            032C
switch ( \\vmware-host\Shared Folders\Desktop\ECE306Code\Project 07\Debug\Obj\switch.r43 )
        _A_PBIN_L                           0220
        Switches_Process                    D030
        ?setjmp_save_r4                     NOT NEEDED
        ?setjmp_save_r5                     NOT NEEDED
        PBIN                                0220
        PBIN_H                              0221
        PBIN_L                              0220
system ( \\vmware-host\Shared Folders\Desktop\ECE306Code\Project 07\Debug\Obj\system.r43 )
        enable_interrupts                   D1C6
        ?setjmp_save_r4                     NOT NEEDED
        ?setjmp_save_r5                     NOT NEEDED
thumbwheel ( \\vmware-host\Shared Folders\Desktop\ECE306Code\Project 07\Debug\Obj\thumbwheel.r43 )
        ADC_read                            NOT NEEDED
        ?setjmp_save_r4                     NOT NEEDED
        ?setjmp_save_r5                     NOT NEEDED
timers ( \\vmware-host\Shared Folders\Desktop\ECE306Code\Project 07\Debug\Obj\timers.r43 )
        TA0CTL                              0340
        TA0CCTL0                            0342
        TA0CCR0                             NOT NEEDED
        TA0EX0                              0360
        Init_Timers                         D19E
        Init_Timer_A0                       CF82
        ?setjmp_save_r4                     NOT NEEDED
        ?setjmp_save_r5                     NOT NEEDED
timersB2 ( \\vmware-host\Shared Folders\Desktop\ECE306Code\Project 07\timersB2.r43 )
        TB2CTL                              0440
        TB2CCTL0                            0442
        TB2CCR0                             0452
        TB2CCR1                             0454
        TB2CCR2                             0456
        TB2IV                               046E
        TB2EX0                              0460
        five_msec_count                     1C26
        sleeping                            NOT NEEDED
        sleeptime                           NOT NEEDED
        Init_Timer_B2                       D06C
        measure_delay                       NOT NEEDED
        five_msec_sleep                     D168
        led_blink                           NOT NEEDED
        gps_resetting                       NOT NEEDED
        gps_2b_reset                        NOT NEEDED
        reset_gps_time                      NOT NEEDED
        transmit_delay                      NOT NEEDED
        transmit_time                       NOT NEEDED
        Timer2_B0_ISR                       C400
        TIMER2_B1_ISR                       C41C
        TIMER2_B1_ISR::??INTVEC 68          FFD4
        Timer2_B0_ISR::??INTVEC 70          FFD6
        ?setjmp_save_r4                     NOT NEEDED
        ?setjmp_save_r5                     NOT NEEDED
?abort ( C:\Program Files (x86)\IAR Systems\Embedded Workbench 7.2\430\lib\dlib\dl430xlsfn.r43 )
        abort                               NOT NEEDED
?__dbg_break ( C:\Program Files (x86)\IAR Systems\Embedded Workbench 7.2\430\lib\dlib\dl430xlsfn.r43 )
        __DebugBreak                        D1E0
?__dwrite ( C:\Program Files (x86)\IAR Systems\Embedded Workbench 7.2\430\lib\dlib\dl430xlsfn.r43 )
        __dwrite                            NOT NEEDED
?__exit ( C:\Program Files (x86)\IAR Systems\Embedded Workbench 7.2\430\lib\dlib\dl430xlsfn.r43 )
        __exit                              D09E
?__write ( C:\Program Files (x86)\IAR Systems\Embedded Workbench 7.2\430\lib\dlib\dl430xlsfn.r43 )
        __write                             NOT NEEDED
?_exit ( C:\Program Files (x86)\IAR Systems\Embedded Workbench 7.2\430\lib\dlib\dl430xlsfn.r43 )
        _exit                               D1DC
        __cstart_call_dtors                 NOT NEEDED
        __cstart_closeall                   NOT NEEDED
        __cstart_clearlocks                 NOT NEEDED
?cppinit ( C:\Program Files (x86)\IAR Systems\Embedded Workbench 7.2\430\lib\dlib\dl430xlsfn.r43 )
        __call_ctors                        NOT NEEDED
        __alloc_record_needed_destruction   NOT NEEDED
        __record_needed_destruction         NOT NEEDED
        __call_dtors                        NOT NEEDED
        __data16_vec_cctor                  NOT NEEDED
?cstart ( C:\Program Files (x86)\IAR Systems\Embedded Workbench 7.2\430\lib\dlib\dl430xlsfn.r43 )
        __program_start                     C302
        ?cstart_begin                       C302
        ?cstart_call_mpu_init               NOT NEEDED
        ?cstart_call_low_level_init         NOT NEEDED
        ?cstart_init_copy_ramfunc           NOT NEEDED
        ?cstart_init_zero                   C306
        ?cstart_init_copy                   NOT NEEDED
        ?cstart_init_zero20                 NOT NEEDED
        ?cstart_init_copy20                 NOT NEEDED
        __cstart_init_tls                   NOT NEEDED
        ?cstart_call_ctors                  NOT NEEDED
        ?cstart_call_main                   C312
        ?cstart_end                         C31A
lowinit ( C:\Program Files (x86)\IAR Systems\Embedded Workbench 7.2\430\lib\dlib\dl430xlsfn.r43 )
        __low_level_init                    NOT NEEDED
?reset_vector ( C:\Program Files (x86)\IAR Systems\Embedded Workbench 7.2\430\lib\dlib\dl430xlsfn.r43 )
        ?reset_vector                       FFFE
?exit ( C:\Program Files (x86)\IAR Systems\Embedded Workbench 7.2\430\lib\dlib\dl430xlsfn.r43 )
        exit                                D1D8
?malloc ( C:\Program Files (x86)\IAR Systems\Embedded Workbench 7.2\430\lib\dlib\dl430xlsfn.r43 )
        malloc                              NOT NEEDED
?DivMod816u ( C:\Program Files (x86)\IAR Systems\Embedded Workbench 7.2\430\lib\dlib\dl430xlsfn.r43 )
        ?DivMod8u                           NOT NEEDED
        ?DivMod16u                          NOT NEEDED
?memcpy ( C:\Program Files (x86)\IAR Systems\Embedded Workbench 7.2\430\lib\dlib\dl430xlsfn.r43 )
        memcpy                              NOT NEEDED
?memmove ( C:\Program Files (x86)\IAR Systems\Embedded Workbench 7.2\430\lib\dlib\dl430xlsfn.r43 )
        memmove                             NOT NEEDED
?CopyMemoryBytes ( C:\Program Files (x86)\IAR Systems\Embedded Workbench 7.2\430\lib\dlib\dl430xlsfn.r43 )
        ?CopyMemoryBytes                    D148
?memzero ( C:\Program Files (x86)\IAR Systems\Embedded Workbench 7.2\430\lib\dlib\dl430xlsfn.r43 )
        __data16_memzero                    D126
        __data16_memcpy                     NOT NEEDED
        __data16_memmove                    NOT NEEDED
?MpuInit ( C:\Program Files (x86)\IAR Systems\Embedded Workbench 7.2\430\lib\dlib\dl430xlsfn.r43 )
        __iar_430_mpu_init                  NOT NEEDED
        ?mpu1_4k_init                       NOT NEEDED
        ?mpu1_8k_init                       NOT NEEDED
        ?mpu1_16k_init                      NOT NEEDED
        ?mpu2_init                          NOT NEEDED
?setjmp ( C:\Program Files (x86)\IAR Systems\Embedded Workbench 7.2\430\lib\dlib\dl430xlsfn.r43 )
        setjmp                              NOT NEEDED
        ?setjmp_r5                          NOT NEEDED
        ?setjmp_r4                          NOT NEEDED
        ?setjmp_end                         NOT NEEDED
?longjmp ( C:\Program Files (x86)\IAR Systems\Embedded Workbench 7.2\430\lib\dlib\dl430xlsfn.r43 )
        longjmp                             NOT NEEDED
        ?longjmp_r5                         NOT NEEDED
        ?longjmp_r4                         NOT NEEDED
        ?longjmp_end                        NOT NEEDED
?IndCallR11 ( C:\Program Files (x86)\IAR Systems\Embedded Workbench 7.2\430\lib\dlib\dl430xlsfn.r43 )
        ?IndCallR11                         NOT NEEDED
?IndCallR15 ( C:\Program Files (x86)\IAR Systems\Embedded Workbench 7.2\430\lib\dlib\dl430xlsfn.r43 )
        ?IndCallR15                         NOT NEEDED
?xcloseall ( C:\Program Files (x86)\IAR Systems\Embedded Workbench 7.2\430\lib\dlib\dl430xlsfn.r43 )
        _Close_all                          NOT NEEDED
?xgetmemchunk ( C:\Program Files (x86)\IAR Systems\Embedded Workbench 7.2\430\lib\dlib\dl430xlsfn.r43 )
        __data16_GetMemChunk                NOT NEEDED
?xxmemxfree ( C:\Program Files (x86)\IAR Systems\Embedded Workbench 7.2\430\lib\dlib\dl430xlsfn.r43 )
        __data16_free                       NOT NEEDED
?xxmemxmalloc ( C:\Program Files (x86)\IAR Systems\Embedded Workbench 7.2\430\lib\dlib\dl430xlsfn.r43 )
        __data16_Aldata                     NOT NEEDED
        __data16_malloc                     NOT NEEDED
        __data16_findmem                     LOCAL, NOT NEEDED


                ****************************************
                *                                      *
                *            MODULE SUMMARY            *
                *                                      *
                ****************************************

Module               CODE      DATA      CONST
------               ----      ----      -----
                    (Rel)  (Rel)  (Abs)  (Rel)
?CopyMemoryBytes       16
?__dbg_break            2
?__exit                22
?_exit                  4
?cstart                24
?exit                   4
?memzero               18
?reset_vector           2
LCD                   454     52      8
  + shared                            2
LED                    18
adc                   122             6
  + shared                            4
clocks                114            12
display               282
init                   30
init_cereal           256            16
  + shared                            8
interrupt_timer        20
interrupts            230            12
  + shared             98             4
  + common
iot-functions       1 026             4    147
main                  220    196            31
motors                 48
ports                 692            18
switch                 30             2
system                  6
timers                 58             6
timersB2              112      2     14
  + common             72
N/A (command line)           240
N/A (alignment)
----------          -----    ---    ---    ---
Total:              3 810    490    116    178
  + common             98


                ****************************************
                *                                      *
                *      SEGMENTS IN ADDRESS ORDER       *
                *                                      *
                ****************************************


SEGMENT              SPACE    START ADDRESS   END ADDRESS     SIZE  TYPE  ALIGN
=======              =====    =============   ===========     ====  ====  =====
DATA16_AN                              015C - 015D               2   rel    0
                                       0160 - 0169               A 
                                       0202 - 0207               6 
                                       020A - 020D               4 
                                       0218 - 0219               2 
                                       0220 - 0227               8 
                                       022A - 022D               4 
                                       0322 - 0325               4 
                                       032A - 032D               4 
                                       0340 - 0343               4 
                                       0352 - 0353               2 
                                       0360 - 0361               2 
                                       0440 - 0443               4 
                                       0452 - 0457               6 
                                       0460 - 0461               2 
                                       046E - 046F               2 
                                       05C0 - 05C1               2 
                                       05C6 - 05C9               4 
                                       05CC - 05CF               4 
                                       05DA - 05DB               2 
                                       05DE - 05E1               4 
                                       05E6 - 05E9               4 
                                       05EC - 05EF               4 
                                       05FA - 05FB               2 
                                       05FE - 05FF               2 
                                       0640 - 0641               2 
                                       0646 - 0647               2 
                                       064E - 064F               2 
                                       066C - 066D               2 
                                       0700 - 0705               6 
                                       070A - 070B               2 
                                       0712 - 0713               2 
                                       071A - 071B               2 
                                       071E - 071F               2 
DATA16_I                                  1C00                       dse    0
DATA16_Z                               1C00 - 1CF9              FA   rel    1
DATA20_I                                  1CFA                       rel    1
DATA20_Z                                  1CFA                       rel    1
DATA20_N                                  1CFA                       rel    1
CODE_I                                    1CFA                       rel    1
CSTACK                                 1F60 - 1FFF              A0   rel    1
DATA16_HEAP                               C200                       dse    0
DATA20_HEAP                            C200 - C24F              50   rel    1
DATA16_C                               C250 - C301              B2   rel    0
DATA20_ID                                 C302                       rel    1
DATA20_C                                  C302                       rel    1
CSTART                                 C302 - C319              18   rel    1
ISR_CODE                               C31A - C445             12C   rel    1
CODE_ID                                   C446                       rel    1
<CODE> 1                               C446 - D1E1             D9C   rel    1
INTVEC                                 FF90 - FFF1              62   com    1
RESET                                  FFFE - FFFF               2   rel    1

                ****************************************
                *                                      *
                *        END OF CROSS REFERENCE        *
                *                                      *
                ****************************************

 3 908 bytes of CODE  memory
   490 bytes of DATA  memory (+ 116 absolute )
   178 bytes of CONST memory

Errors: none
Warnings: none

