###############################################################################
#
# IAR C/C++ Compiler V6.30.2.940/W32 for MSP430           28/Oct/2015  20:48:02
# Copyright 1996-2015 IAR Systems AB.
# Standalone license - IAR Embedded Workbench for Texas Instruments MSP430, 8K KickStart Edition 6.30
#
#    __rt_version  =  3
#    __double_size =  32
#    __reg_r4      =  free
#    __reg_r5      =  free
#    __pic         =  no
#    __core        =  430X
#    __data_model  =  small
#    __code_model  =  large
#    Source file   =  
#        \\vmware-host\Shared Folders\Desktop\ECE306Code\Homework_08\LED.c
#    Command line  =  
#        "\\vmware-host\Shared Folders\Desktop\ECE306Code\Homework_08\LED.c"
#        -lC "\\vmware-host\Shared
#        Folders\Desktop\ECE306Code\Homework_08\Debug\List\" -o
#        "\\vmware-host\Shared
#        Folders\Desktop\ECE306Code\Homework_08\Debug\Obj\" --no_cse
#        --no_unroll --no_inline --no_code_motion --no_tbaa --debug
#        -D__MSP430FR5739__ -e --double=32 --dlib_config "C:\Program Files
#        (x86)\IAR Systems\Embedded Workbench 7.2\430\lib\dlib\dl430xlsfn.h"
#        --core=430X --data_model=small -On --multiplier=32
#        --hw_workaround=CPU40 --code_model=large
#    List file     =  
#        \\vmware-host\Shared
#        Folders\Desktop\ECE306Code\Homework_08\Debug\List\LED.lst
#    Object file   =  
#        \\vmware-host\Shared
#        Folders\Desktop\ECE306Code\Homework_08\Debug\Obj\LED.r43
#
###############################################################################

\\vmware-host\Shared Folders\Desktop\ECE306Code\Homework_08\LED.c
      1          //******************************************************************************
      2          //
      3          //  Description: This file contains code to initialize the LEDs.
      4          //
      5          //
      6          //  Steffon Brigman
      7          //  Sept 2013
      8          //  Built with IAR Embedded Workbench Version: V4.10A/W32 (5.40.1)
      9          //******************************************************************************
     10          
     11          //------------------------------------------------------------------------------
     12          // Includes
     13          #include  "macros.h"
     14          #include  "msp430.h"

   \                                 In  segment DATA16_AN, at 0x322
   \   union <unnamed> _A_PJOUT_L
   \                     _A_PJOUT_L:
   \   000000                DS8 2
     15          #include  "functions.h"
     16          
     17          

   \                                 In  segment CODE, align 2
     18          void Init_LEDs(void){
   \                     Init_LEDs:
     19          //------------------------------------------------------------------------------
     20          // LED Configurations
     21          //------------------------------------------------------------------------------
     22          // Turns on all 8 LEDs
     23            PJOUT &= ~LED1;
   \   000000   92C32203     BIC.W   #0x1, &0x322
     24            PJOUT &= ~LED2;
   \   000004   A2C32203     BIC.W   #0x2, &0x322
     25            PJOUT &= ~LED3;
   \   000008   A2C22203     BIC.W   #0x4, &0x322
     26           // PJOUT &= ~LED4;
     27            PJOUT |= RESET;
   \   00000C   B2D22203     BIS.W   #0x8, &0x322
     28            /*P3OUT &= ~LED5;
     29            P3OUT &= ~LED6;
     30            P3OUT &= ~LED7;
     31            P3OUT &= ~LED8;*/
     32          //------------------------------------------------------------------------------
     33          }
   \   000010   1001         RETA
   \   000012                REQUIRE _A_PJOUT_L

   Maximum stack usage in bytes:

   CSTACK Function
   ------ --------
      4   Init_LEDs


   Segment part sizes:

   Bytes  Function/Label
   -----  --------------
      18  Init_LEDs
       2  _A_PJOUT_L

 
 18 bytes in segment CODE
  2 bytes in segment DATA16_AN
 
 18 bytes of CODE memory
  0 bytes of DATA memory (+ 2 bytes shared)

Errors: none
Warnings: none
